ARM GAS  C:\Users\sabri\AppData\Local\Temp\ccJRf2xX.s 			page 1


   1              		.syntax unified
   2              		.cpu cortex-m0
   3              		.fpu softvfp
   4              		.eabi_attribute 20, 1
   5              		.eabi_attribute 21, 1
   6              		.eabi_attribute 23, 3
   7              		.eabi_attribute 24, 1
   8              		.eabi_attribute 25, 1
   9              		.eabi_attribute 26, 1
  10              		.eabi_attribute 30, 1
  11              		.eabi_attribute 34, 0
  12              		.eabi_attribute 18, 4
  13              		.thumb
  14              		.syntax unified
  15              		.file	"cyfitter_cfg.c"
  16              		.text
  17              	.Ltext0:
  18              		.cfi_sections	.debug_frame
  19              		.section	.text.CYMEMZERO,"ax",%progbits
  20              		.align	2
  21              		.code	16
  22              		.thumb_func
  23              		.type	CYMEMZERO, %function
  24              	CYMEMZERO:
  25              	.LFB0:
  26              		.file 1 "Generated_Source\\PSoC4\\cyfitter_cfg.c"
   1:Generated_Source\PSoC4/cyfitter_cfg.c **** 
   2:Generated_Source\PSoC4/cyfitter_cfg.c **** /*******************************************************************************
   3:Generated_Source\PSoC4/cyfitter_cfg.c **** * File Name: cyfitter_cfg.c
   4:Generated_Source\PSoC4/cyfitter_cfg.c **** * 
   5:Generated_Source\PSoC4/cyfitter_cfg.c **** * PSoC Creator  4.3
   6:Generated_Source\PSoC4/cyfitter_cfg.c **** *
   7:Generated_Source\PSoC4/cyfitter_cfg.c **** * Description:
   8:Generated_Source\PSoC4/cyfitter_cfg.c **** * This file contains device initialization code.
   9:Generated_Source\PSoC4/cyfitter_cfg.c **** * Except for the user defined sections in CyClockStartupError(), this file should not be modified.
  10:Generated_Source\PSoC4/cyfitter_cfg.c **** * This file is automatically generated by PSoC Creator.
  11:Generated_Source\PSoC4/cyfitter_cfg.c **** *
  12:Generated_Source\PSoC4/cyfitter_cfg.c **** ********************************************************************************
  13:Generated_Source\PSoC4/cyfitter_cfg.c **** * Copyright (c) 2007-2019 Cypress Semiconductor.  All rights reserved.
  14:Generated_Source\PSoC4/cyfitter_cfg.c **** * You may use this file only in accordance with the license, terms, conditions, 
  15:Generated_Source\PSoC4/cyfitter_cfg.c **** * disclaimers, and limitations in the end user license agreement accompanying 
  16:Generated_Source\PSoC4/cyfitter_cfg.c **** * the software package with which this file was provided.
  17:Generated_Source\PSoC4/cyfitter_cfg.c **** ********************************************************************************/
  18:Generated_Source\PSoC4/cyfitter_cfg.c **** 
  19:Generated_Source\PSoC4/cyfitter_cfg.c **** #include <string.h>
  20:Generated_Source\PSoC4/cyfitter_cfg.c **** #include "cytypes.h"
  21:Generated_Source\PSoC4/cyfitter_cfg.c **** #include "cydevice_trm.h"
  22:Generated_Source\PSoC4/cyfitter_cfg.c **** #include "cyfitter.h"
  23:Generated_Source\PSoC4/cyfitter_cfg.c **** #include "CyLib.h"
  24:Generated_Source\PSoC4/cyfitter_cfg.c **** #include "CyLFClk.h"
  25:Generated_Source\PSoC4/cyfitter_cfg.c **** #include "cyfitter_cfg.h"
  26:Generated_Source\PSoC4/cyfitter_cfg.c **** #include "cyapicallbacks.h"
  27:Generated_Source\PSoC4/cyfitter_cfg.c **** 
  28:Generated_Source\PSoC4/cyfitter_cfg.c **** 
  29:Generated_Source\PSoC4/cyfitter_cfg.c **** #if defined(__GNUC__) || defined(__ARMCC_VERSION)
  30:Generated_Source\PSoC4/cyfitter_cfg.c ****     #define CYPACKED 
  31:Generated_Source\PSoC4/cyfitter_cfg.c ****     #define CYPACKED_ATTR __attribute__ ((packed))
ARM GAS  C:\Users\sabri\AppData\Local\Temp\ccJRf2xX.s 			page 2


  32:Generated_Source\PSoC4/cyfitter_cfg.c ****     #define CYALIGNED __attribute__ ((aligned))
  33:Generated_Source\PSoC4/cyfitter_cfg.c ****     #define CY_CFG_UNUSED __attribute__ ((unused))
  34:Generated_Source\PSoC4/cyfitter_cfg.c ****     #ifndef CY_CFG_SECTION
  35:Generated_Source\PSoC4/cyfitter_cfg.c ****         #define CY_CFG_SECTION __attribute__ ((section(".psocinit")))
  36:Generated_Source\PSoC4/cyfitter_cfg.c ****     #endif
  37:Generated_Source\PSoC4/cyfitter_cfg.c ****     
  38:Generated_Source\PSoC4/cyfitter_cfg.c ****     #if defined(__ARMCC_VERSION)
  39:Generated_Source\PSoC4/cyfitter_cfg.c ****         #define CY_CFG_MEMORY_BARRIER() __memory_changed()
  40:Generated_Source\PSoC4/cyfitter_cfg.c ****     #else
  41:Generated_Source\PSoC4/cyfitter_cfg.c ****         #define CY_CFG_MEMORY_BARRIER() __sync_synchronize()
  42:Generated_Source\PSoC4/cyfitter_cfg.c ****     #endif
  43:Generated_Source\PSoC4/cyfitter_cfg.c ****     
  44:Generated_Source\PSoC4/cyfitter_cfg.c **** #elif defined(__ICCARM__)
  45:Generated_Source\PSoC4/cyfitter_cfg.c ****     #include <intrinsics.h>
  46:Generated_Source\PSoC4/cyfitter_cfg.c **** 
  47:Generated_Source\PSoC4/cyfitter_cfg.c ****     #define CYPACKED __packed
  48:Generated_Source\PSoC4/cyfitter_cfg.c ****     #define CYPACKED_ATTR 
  49:Generated_Source\PSoC4/cyfitter_cfg.c ****     #define CYALIGNED _Pragma("data_alignment=4")
  50:Generated_Source\PSoC4/cyfitter_cfg.c ****     #define CY_CFG_UNUSED _Pragma("diag_suppress=Pe177")
  51:Generated_Source\PSoC4/cyfitter_cfg.c ****     #define CY_CFG_SECTION _Pragma("location=\".psocinit\"")
  52:Generated_Source\PSoC4/cyfitter_cfg.c ****     
  53:Generated_Source\PSoC4/cyfitter_cfg.c ****     #define CY_CFG_MEMORY_BARRIER() __DMB()
  54:Generated_Source\PSoC4/cyfitter_cfg.c ****     
  55:Generated_Source\PSoC4/cyfitter_cfg.c **** #else
  56:Generated_Source\PSoC4/cyfitter_cfg.c ****     #error Unsupported toolchain
  57:Generated_Source\PSoC4/cyfitter_cfg.c **** #endif
  58:Generated_Source\PSoC4/cyfitter_cfg.c **** 
  59:Generated_Source\PSoC4/cyfitter_cfg.c **** #ifndef CYCODE
  60:Generated_Source\PSoC4/cyfitter_cfg.c ****     #define CYCODE
  61:Generated_Source\PSoC4/cyfitter_cfg.c **** #endif
  62:Generated_Source\PSoC4/cyfitter_cfg.c **** #ifndef CYDATA
  63:Generated_Source\PSoC4/cyfitter_cfg.c ****     #define CYDATA
  64:Generated_Source\PSoC4/cyfitter_cfg.c **** #endif
  65:Generated_Source\PSoC4/cyfitter_cfg.c **** #ifndef CYFAR
  66:Generated_Source\PSoC4/cyfitter_cfg.c ****     #define CYFAR
  67:Generated_Source\PSoC4/cyfitter_cfg.c **** #endif
  68:Generated_Source\PSoC4/cyfitter_cfg.c **** #ifndef CYXDATA
  69:Generated_Source\PSoC4/cyfitter_cfg.c ****     #define CYXDATA
  70:Generated_Source\PSoC4/cyfitter_cfg.c **** #endif
  71:Generated_Source\PSoC4/cyfitter_cfg.c **** 
  72:Generated_Source\PSoC4/cyfitter_cfg.c **** 
  73:Generated_Source\PSoC4/cyfitter_cfg.c **** CY_CFG_UNUSED
  74:Generated_Source\PSoC4/cyfitter_cfg.c **** static void CYMEMZERO(void *s, size_t n);
  75:Generated_Source\PSoC4/cyfitter_cfg.c **** CY_CFG_UNUSED
  76:Generated_Source\PSoC4/cyfitter_cfg.c **** static void CYMEMZERO(void *s, size_t n)
  77:Generated_Source\PSoC4/cyfitter_cfg.c **** {
  27              		.loc 1 77 0
  28              		.cfi_startproc
  29              		@ args = 0, pretend = 0, frame = 0
  30              		@ frame_needed = 0, uses_anonymous_args = 0
  31              	.LVL0:
  32 0000 10B5     		push	{r4, lr}
  33              		.cfi_def_cfa_offset 8
  34              		.cfi_offset 4, -8
  35              		.cfi_offset 14, -4
  36 0002 0A00     		movs	r2, r1
  78:Generated_Source\PSoC4/cyfitter_cfg.c **** 	(void)memset(s, 0, n);
ARM GAS  C:\Users\sabri\AppData\Local\Temp\ccJRf2xX.s 			page 3


  37              		.loc 1 78 0
  38 0004 0021     		movs	r1, #0
  39              	.LVL1:
  40 0006 FFF7FEFF 		bl	memset
  41              	.LVL2:
  79:Generated_Source\PSoC4/cyfitter_cfg.c **** }
  42              		.loc 1 79 0
  43              		@ sp needed
  44 000a 10BD     		pop	{r4, pc}
  45              		.cfi_endproc
  46              	.LFE0:
  47              		.size	CYMEMZERO, .-CYMEMZERO
  48              		.section	.psocinit,"ax",%progbits
  49              		.align	2
  50              		.code	16
  51              		.thumb_func
  52              		.type	ClockSetup, %function
  53              	ClockSetup:
  54              	.LFB3:
  80:Generated_Source\PSoC4/cyfitter_cfg.c **** CY_CFG_UNUSED
  81:Generated_Source\PSoC4/cyfitter_cfg.c **** static void CYCONFIGCPY(void *dest, const void *src, size_t n);
  82:Generated_Source\PSoC4/cyfitter_cfg.c **** CY_CFG_UNUSED
  83:Generated_Source\PSoC4/cyfitter_cfg.c **** static void CYCONFIGCPY(void *dest, const void *src, size_t n)
  84:Generated_Source\PSoC4/cyfitter_cfg.c **** {
  85:Generated_Source\PSoC4/cyfitter_cfg.c **** 	(void)memcpy(dest, src, n);
  86:Generated_Source\PSoC4/cyfitter_cfg.c **** }
  87:Generated_Source\PSoC4/cyfitter_cfg.c **** CY_CFG_UNUSED
  88:Generated_Source\PSoC4/cyfitter_cfg.c **** static void CYCONFIGCPYCODE(void *dest, const void *src, size_t n);
  89:Generated_Source\PSoC4/cyfitter_cfg.c **** CY_CFG_UNUSED
  90:Generated_Source\PSoC4/cyfitter_cfg.c **** static void CYCONFIGCPYCODE(void *dest, const void *src, size_t n)
  91:Generated_Source\PSoC4/cyfitter_cfg.c **** {
  92:Generated_Source\PSoC4/cyfitter_cfg.c **** 	(void)memcpy(dest, src, n);
  93:Generated_Source\PSoC4/cyfitter_cfg.c **** }
  94:Generated_Source\PSoC4/cyfitter_cfg.c **** 
  95:Generated_Source\PSoC4/cyfitter_cfg.c **** 
  96:Generated_Source\PSoC4/cyfitter_cfg.c **** 
  97:Generated_Source\PSoC4/cyfitter_cfg.c **** 
  98:Generated_Source\PSoC4/cyfitter_cfg.c **** /* Clock startup error codes                                                   */
  99:Generated_Source\PSoC4/cyfitter_cfg.c **** #define CYCLOCKSTART_NO_ERROR    0u
 100:Generated_Source\PSoC4/cyfitter_cfg.c **** #define CYCLOCKSTART_XTAL_ERROR  1u
 101:Generated_Source\PSoC4/cyfitter_cfg.c **** #define CYCLOCKSTART_32KHZ_ERROR 2u
 102:Generated_Source\PSoC4/cyfitter_cfg.c **** #define CYCLOCKSTART_PLL_ERROR   3u
 103:Generated_Source\PSoC4/cyfitter_cfg.c **** #define CYCLOCKSTART_FLL_ERROR   4u
 104:Generated_Source\PSoC4/cyfitter_cfg.c **** #define CYCLOCKSTART_WCO_ERROR   5u
 105:Generated_Source\PSoC4/cyfitter_cfg.c **** 
 106:Generated_Source\PSoC4/cyfitter_cfg.c **** 
 107:Generated_Source\PSoC4/cyfitter_cfg.c **** #ifdef CY_NEED_CYCLOCKSTARTUPERROR
 108:Generated_Source\PSoC4/cyfitter_cfg.c **** /*******************************************************************************
 109:Generated_Source\PSoC4/cyfitter_cfg.c **** * Function Name: CyClockStartupError
 110:Generated_Source\PSoC4/cyfitter_cfg.c **** ********************************************************************************
 111:Generated_Source\PSoC4/cyfitter_cfg.c **** * Summary:
 112:Generated_Source\PSoC4/cyfitter_cfg.c **** *  If an error is encountered during clock configuration (crystal startup error,
 113:Generated_Source\PSoC4/cyfitter_cfg.c **** *  PLL lock error, etc.), the system will end up here.  Unless reimplemented by
 114:Generated_Source\PSoC4/cyfitter_cfg.c **** *  the customer, this function will stop in an infinite loop.
 115:Generated_Source\PSoC4/cyfitter_cfg.c **** *
 116:Generated_Source\PSoC4/cyfitter_cfg.c **** * Parameters:
 117:Generated_Source\PSoC4/cyfitter_cfg.c **** *   void
ARM GAS  C:\Users\sabri\AppData\Local\Temp\ccJRf2xX.s 			page 4


 118:Generated_Source\PSoC4/cyfitter_cfg.c **** *
 119:Generated_Source\PSoC4/cyfitter_cfg.c **** * Return:
 120:Generated_Source\PSoC4/cyfitter_cfg.c **** *   void
 121:Generated_Source\PSoC4/cyfitter_cfg.c **** *
 122:Generated_Source\PSoC4/cyfitter_cfg.c **** *******************************************************************************/
 123:Generated_Source\PSoC4/cyfitter_cfg.c **** CY_CFG_UNUSED
 124:Generated_Source\PSoC4/cyfitter_cfg.c **** static void CyClockStartupError(uint8 errorCode);
 125:Generated_Source\PSoC4/cyfitter_cfg.c **** CY_CFG_UNUSED
 126:Generated_Source\PSoC4/cyfitter_cfg.c **** static void CyClockStartupError(uint8 errorCode)
 127:Generated_Source\PSoC4/cyfitter_cfg.c **** {
 128:Generated_Source\PSoC4/cyfitter_cfg.c ****     /* To remove the compiler warning if errorCode not used.                */
 129:Generated_Source\PSoC4/cyfitter_cfg.c ****     errorCode = errorCode;
 130:Generated_Source\PSoC4/cyfitter_cfg.c **** 
 131:Generated_Source\PSoC4/cyfitter_cfg.c ****     /* If we have a clock startup error (bad MHz crystal, PLL lock, etc.),  */
 132:Generated_Source\PSoC4/cyfitter_cfg.c ****     /* we will end up here to allow the customer to implement something to  */
 133:Generated_Source\PSoC4/cyfitter_cfg.c ****     /* deal with the clock condition.                                       */
 134:Generated_Source\PSoC4/cyfitter_cfg.c **** 
 135:Generated_Source\PSoC4/cyfitter_cfg.c **** #ifdef CY_CFG_CLOCK_STARTUP_ERROR_CALLBACK
 136:Generated_Source\PSoC4/cyfitter_cfg.c ****     CY_CFG_Clock_Startup_ErrorCallback();
 137:Generated_Source\PSoC4/cyfitter_cfg.c **** #else
 138:Generated_Source\PSoC4/cyfitter_cfg.c ****     /*  If not using CY_CFG_CLOCK_STARTUP_ERROR_CALLBACK, place your clock startup code here. */
 139:Generated_Source\PSoC4/cyfitter_cfg.c ****     /* `#START CyClockStartupError` */
 140:Generated_Source\PSoC4/cyfitter_cfg.c **** 
 141:Generated_Source\PSoC4/cyfitter_cfg.c **** 
 142:Generated_Source\PSoC4/cyfitter_cfg.c **** 
 143:Generated_Source\PSoC4/cyfitter_cfg.c ****     /* `#END` */
 144:Generated_Source\PSoC4/cyfitter_cfg.c **** 
 145:Generated_Source\PSoC4/cyfitter_cfg.c ****     while(1) {}
 146:Generated_Source\PSoC4/cyfitter_cfg.c **** #endif /* CY_CFG_CLOCK_STARTUP_ERROR_CALLBACK */
 147:Generated_Source\PSoC4/cyfitter_cfg.c **** }
 148:Generated_Source\PSoC4/cyfitter_cfg.c **** #endif
 149:Generated_Source\PSoC4/cyfitter_cfg.c **** 
 150:Generated_Source\PSoC4/cyfitter_cfg.c **** 
 151:Generated_Source\PSoC4/cyfitter_cfg.c **** 
 152:Generated_Source\PSoC4/cyfitter_cfg.c **** /*******************************************************************************
 153:Generated_Source\PSoC4/cyfitter_cfg.c **** * Function Name: ClockSetup
 154:Generated_Source\PSoC4/cyfitter_cfg.c **** ********************************************************************************
 155:Generated_Source\PSoC4/cyfitter_cfg.c **** *
 156:Generated_Source\PSoC4/cyfitter_cfg.c **** * Summary:
 157:Generated_Source\PSoC4/cyfitter_cfg.c **** *   Performs the initialization of all of the clocks in the device based on the
 158:Generated_Source\PSoC4/cyfitter_cfg.c **** *   settings in the Clock tab of the DWR.  This includes enabling the requested
 159:Generated_Source\PSoC4/cyfitter_cfg.c **** *   clocks and setting the necessary dividers to produce the desired frequency. 
 160:Generated_Source\PSoC4/cyfitter_cfg.c **** *
 161:Generated_Source\PSoC4/cyfitter_cfg.c **** * Parameters:
 162:Generated_Source\PSoC4/cyfitter_cfg.c **** *   void
 163:Generated_Source\PSoC4/cyfitter_cfg.c **** *
 164:Generated_Source\PSoC4/cyfitter_cfg.c **** * Return:
 165:Generated_Source\PSoC4/cyfitter_cfg.c **** *   void
 166:Generated_Source\PSoC4/cyfitter_cfg.c **** *
 167:Generated_Source\PSoC4/cyfitter_cfg.c **** *******************************************************************************/
 168:Generated_Source\PSoC4/cyfitter_cfg.c **** static void ClockSetup(void);
 169:Generated_Source\PSoC4/cyfitter_cfg.c **** CY_CFG_SECTION
 170:Generated_Source\PSoC4/cyfitter_cfg.c **** static void ClockSetup(void)
 171:Generated_Source\PSoC4/cyfitter_cfg.c **** {
  55              		.loc 1 171 0
  56              		.cfi_startproc
  57              		@ args = 0, pretend = 0, frame = 0
ARM GAS  C:\Users\sabri\AppData\Local\Temp\ccJRf2xX.s 			page 5


  58              		@ frame_needed = 0, uses_anonymous_args = 0
  59 0000 70B5     		push	{r4, r5, r6, lr}
  60              		.cfi_def_cfa_offset 16
  61              		.cfi_offset 4, -16
  62              		.cfi_offset 5, -12
  63              		.cfi_offset 6, -8
  64              		.cfi_offset 14, -4
 172:Generated_Source\PSoC4/cyfitter_cfg.c **** 	/* Enable HALF_EN before trimming for the flash accelerator. */
 173:Generated_Source\PSoC4/cyfitter_cfg.c **** 	CY_SET_REG32((void CYXDATA *)(CYREG_CLK_SELECT), (CY_GET_REG32((void *)CYREG_CLK_SELECT) | 0x00040
  65              		.loc 1 173 0
  66 0002 0F4C     		ldr	r4, .L3
  67 0004 2368     		ldr	r3, [r4]
  68 0006 8022     		movs	r2, #128
  69 0008 D202     		lsls	r2, r2, #11
  70 000a 1343     		orrs	r3, r2
  71 000c 2360     		str	r3, [r4]
 174:Generated_Source\PSoC4/cyfitter_cfg.c **** 
 175:Generated_Source\PSoC4/cyfitter_cfg.c **** 	/* Setup and trim IMO based on desired frequency. */
 176:Generated_Source\PSoC4/cyfitter_cfg.c **** 	CySysClkWriteImoFreq(24u);
  72              		.loc 1 176 0
  73 000e 1820     		movs	r0, #24
  74 0010 FFF7FEFF 		bl	CySysClkWriteImoFreq
  75              	.LVL3:
 177:Generated_Source\PSoC4/cyfitter_cfg.c **** 
 178:Generated_Source\PSoC4/cyfitter_cfg.c **** 	/* Disable HALF_EN since it is not required at this IMO frequency. */
 179:Generated_Source\PSoC4/cyfitter_cfg.c **** 	CY_SET_REG32((void CYXDATA *)(CYREG_CLK_SELECT), (CY_GET_REG32((void *)CYREG_CLK_SELECT) & 0xFFFBF
  76              		.loc 1 179 0
  77 0014 2268     		ldr	r2, [r4]
  78 0016 0B4B     		ldr	r3, .L3+4
  79 0018 1340     		ands	r3, r2
  80 001a 2360     		str	r3, [r4]
 180:Generated_Source\PSoC4/cyfitter_cfg.c **** 	/* CYDEV_CLK_ILO_CONFIG Starting address: CYDEV_CLK_ILO_CONFIG */
 181:Generated_Source\PSoC4/cyfitter_cfg.c **** 	CY_SET_REG32((void *)(CYREG_CLK_ILO_CONFIG), 0x80000006u);
  81              		.loc 1 181 0
  82 001c 0A4A     		ldr	r2, .L3+8
  83 001e 0B4B     		ldr	r3, .L3+12
  84 0020 1A60     		str	r2, [r3]
 182:Generated_Source\PSoC4/cyfitter_cfg.c **** 
 183:Generated_Source\PSoC4/cyfitter_cfg.c **** 
 184:Generated_Source\PSoC4/cyfitter_cfg.c **** 	/* CYDEV_CLK_IMO_CONFIG Starting address: CYDEV_CLK_IMO_CONFIG */
 185:Generated_Source\PSoC4/cyfitter_cfg.c **** 	CY_SET_REG32((void *)(CYREG_CLK_IMO_CONFIG), 0x80000000u);
  85              		.loc 1 185 0
  86 0022 063A     		subs	r2, r2, #6
  87 0024 0A4B     		ldr	r3, .L3+16
  88 0026 1A60     		str	r2, [r3]
 186:Generated_Source\PSoC4/cyfitter_cfg.c **** 
 187:Generated_Source\PSoC4/cyfitter_cfg.c **** 	/* CYDEV_CLK_SELECT Starting address: CYDEV_CLK_SELECT */
 188:Generated_Source\PSoC4/cyfitter_cfg.c **** 	CY_SET_REG32((void *)(CYREG_CLK_SELECT), 0x00000000u);
  89              		.loc 1 188 0
  90 0028 0025     		movs	r5, #0
  91 002a 2560     		str	r5, [r4]
 189:Generated_Source\PSoC4/cyfitter_cfg.c **** 
 190:Generated_Source\PSoC4/cyfitter_cfg.c **** 	(void)CyIntSetVector(9u, &CySysWdtIsr);
  92              		.loc 1 190 0
  93 002c 0949     		ldr	r1, .L3+20
  94 002e 0920     		movs	r0, #9
  95 0030 FFF7FEFF 		bl	CyIntSetVector
ARM GAS  C:\Users\sabri\AppData\Local\Temp\ccJRf2xX.s 			page 6


  96              	.LVL4:
 191:Generated_Source\PSoC4/cyfitter_cfg.c **** 	CyIntEnable(9u);
  97              		.loc 1 191 0
  98 0034 0920     		movs	r0, #9
  99 0036 FFF7FEFF 		bl	CyIntEnable
 100              	.LVL5:
 192:Generated_Source\PSoC4/cyfitter_cfg.c **** 	CY_SET_REG32((void *)(CYREG_WDT_CONFIG), 0x00000000u);
 101              		.loc 1 192 0
 102 003a 074B     		ldr	r3, .L3+24
 103 003c 1D60     		str	r5, [r3]
 193:Generated_Source\PSoC4/cyfitter_cfg.c **** }
 104              		.loc 1 193 0
 105              		@ sp needed
 106 003e 70BD     		pop	{r4, r5, r6, pc}
 107              	.L4:
 108              		.align	2
 109              	.L3:
 110 0040 00010B40 		.word	1074462976
 111 0044 FFFFFBFF 		.word	-262145
 112 0048 06000080 		.word	-2147483642
 113 004c 04010B40 		.word	1074462980
 114 0050 08010B40 		.word	1074462984
 115 0054 00000000 		.word	CySysWdtIsr
 116 0058 0C020B40 		.word	1074463244
 117              		.cfi_endproc
 118              	.LFE3:
 119              		.size	ClockSetup, .-ClockSetup
 120              		.align	2
 121              		.global	cyfitter_cfg
 122              		.code	16
 123              		.thumb_func
 124              		.type	cyfitter_cfg, %function
 125              	cyfitter_cfg:
 126              	.LFB5:
 194:Generated_Source\PSoC4/cyfitter_cfg.c **** 
 195:Generated_Source\PSoC4/cyfitter_cfg.c **** 
 196:Generated_Source\PSoC4/cyfitter_cfg.c **** /* Analog API Functions */
 197:Generated_Source\PSoC4/cyfitter_cfg.c **** 
 198:Generated_Source\PSoC4/cyfitter_cfg.c **** 
 199:Generated_Source\PSoC4/cyfitter_cfg.c **** /*******************************************************************************
 200:Generated_Source\PSoC4/cyfitter_cfg.c **** * Function Name: AnalogSetDefault
 201:Generated_Source\PSoC4/cyfitter_cfg.c **** ********************************************************************************
 202:Generated_Source\PSoC4/cyfitter_cfg.c **** *
 203:Generated_Source\PSoC4/cyfitter_cfg.c **** * Summary:
 204:Generated_Source\PSoC4/cyfitter_cfg.c **** *  Sets up the analog portions of the chip to default values based on chip
 205:Generated_Source\PSoC4/cyfitter_cfg.c **** *  configuration options from the project.
 206:Generated_Source\PSoC4/cyfitter_cfg.c **** *
 207:Generated_Source\PSoC4/cyfitter_cfg.c **** * Parameters:
 208:Generated_Source\PSoC4/cyfitter_cfg.c **** *  void
 209:Generated_Source\PSoC4/cyfitter_cfg.c **** *
 210:Generated_Source\PSoC4/cyfitter_cfg.c **** * Return:
 211:Generated_Source\PSoC4/cyfitter_cfg.c **** *  void
 212:Generated_Source\PSoC4/cyfitter_cfg.c **** *
 213:Generated_Source\PSoC4/cyfitter_cfg.c **** *******************************************************************************/
 214:Generated_Source\PSoC4/cyfitter_cfg.c **** static void AnalogSetDefault(void);
 215:Generated_Source\PSoC4/cyfitter_cfg.c **** static void AnalogSetDefault(void)
 216:Generated_Source\PSoC4/cyfitter_cfg.c **** {
ARM GAS  C:\Users\sabri\AppData\Local\Temp\ccJRf2xX.s 			page 7


 217:Generated_Source\PSoC4/cyfitter_cfg.c **** }
 218:Generated_Source\PSoC4/cyfitter_cfg.c **** 
 219:Generated_Source\PSoC4/cyfitter_cfg.c **** 
 220:Generated_Source\PSoC4/cyfitter_cfg.c **** 
 221:Generated_Source\PSoC4/cyfitter_cfg.c **** 
 222:Generated_Source\PSoC4/cyfitter_cfg.c **** /*******************************************************************************
 223:Generated_Source\PSoC4/cyfitter_cfg.c **** * Function Name: cyfitter_cfg
 224:Generated_Source\PSoC4/cyfitter_cfg.c **** ********************************************************************************
 225:Generated_Source\PSoC4/cyfitter_cfg.c **** * Summary:
 226:Generated_Source\PSoC4/cyfitter_cfg.c **** *  This function is called by the start-up code for the selected device. It
 227:Generated_Source\PSoC4/cyfitter_cfg.c **** *  performs all of the necessary device configuration based on the design
 228:Generated_Source\PSoC4/cyfitter_cfg.c **** *  settings.  This includes settings from the Design Wide Resources (DWR) such
 229:Generated_Source\PSoC4/cyfitter_cfg.c **** *  as Clocks and Pins as well as any component configuration that is necessary.
 230:Generated_Source\PSoC4/cyfitter_cfg.c **** *
 231:Generated_Source\PSoC4/cyfitter_cfg.c **** * Parameters:
 232:Generated_Source\PSoC4/cyfitter_cfg.c **** *   void
 233:Generated_Source\PSoC4/cyfitter_cfg.c **** *
 234:Generated_Source\PSoC4/cyfitter_cfg.c **** * Return:
 235:Generated_Source\PSoC4/cyfitter_cfg.c **** *   void
 236:Generated_Source\PSoC4/cyfitter_cfg.c **** *
 237:Generated_Source\PSoC4/cyfitter_cfg.c **** *******************************************************************************/
 238:Generated_Source\PSoC4/cyfitter_cfg.c **** CY_CFG_SECTION
 239:Generated_Source\PSoC4/cyfitter_cfg.c **** void cyfitter_cfg(void)
 240:Generated_Source\PSoC4/cyfitter_cfg.c **** {
 127              		.loc 1 240 0
 128              		.cfi_startproc
 129              		@ args = 0, pretend = 0, frame = 0
 130              		@ frame_needed = 0, uses_anonymous_args = 0
 131 005c 10B5     		push	{r4, lr}
 132              		.cfi_def_cfa_offset 8
 133              		.cfi_offset 4, -8
 134              		.cfi_offset 14, -4
 241:Generated_Source\PSoC4/cyfitter_cfg.c **** 	/* Disable interrupts by default. Let user enable if/when they want. */
 242:Generated_Source\PSoC4/cyfitter_cfg.c **** 	CyGlobalIntDisable;
 135              		.loc 1 242 0
 136              		.syntax divided
 137              	@ 242 "Generated_Source\PSoC4\cyfitter_cfg.c" 1
 138 005e 72B6     		CPSID   i
 139              	@ 0 "" 2
 140              	.LVL6:
 141              		.thumb
 142              		.syntax unified
 143              	.LBB2:
 243:Generated_Source\PSoC4/cyfitter_cfg.c **** 
 244:Generated_Source\PSoC4/cyfitter_cfg.c **** 	{
 245:Generated_Source\PSoC4/cyfitter_cfg.c **** 
 246:Generated_Source\PSoC4/cyfitter_cfg.c **** 		CYPACKED typedef struct {
 247:Generated_Source\PSoC4/cyfitter_cfg.c **** 			void CYFAR *address;
 248:Generated_Source\PSoC4/cyfitter_cfg.c **** 			uint16 size;
 249:Generated_Source\PSoC4/cyfitter_cfg.c **** 		} CYPACKED_ATTR cfg_memset_t;
 250:Generated_Source\PSoC4/cyfitter_cfg.c **** 
 251:Generated_Source\PSoC4/cyfitter_cfg.c **** 		static const cfg_memset_t CYCODE cfg_memset_list[] = {
 252:Generated_Source\PSoC4/cyfitter_cfg.c **** 			/* address, size */
 253:Generated_Source\PSoC4/cyfitter_cfg.c **** 			{(void CYFAR *)(CYDEV_UDB_P0_U0_BASE), 1024u},
 254:Generated_Source\PSoC4/cyfitter_cfg.c **** 			{(void CYFAR *)(CYDEV_UDB_DSI0_BASE), 1024u},
 255:Generated_Source\PSoC4/cyfitter_cfg.c **** 		};
 256:Generated_Source\PSoC4/cyfitter_cfg.c **** 
ARM GAS  C:\Users\sabri\AppData\Local\Temp\ccJRf2xX.s 			page 8


 257:Generated_Source\PSoC4/cyfitter_cfg.c **** 		uint8 CYDATA i;
 258:Generated_Source\PSoC4/cyfitter_cfg.c **** 
 259:Generated_Source\PSoC4/cyfitter_cfg.c **** 		/* Zero out critical memory blocks before beginning configuration */
 260:Generated_Source\PSoC4/cyfitter_cfg.c **** 		for (i = 0u; i < (sizeof(cfg_memset_list)/sizeof(cfg_memset_list[0])); i++)
 144              		.loc 1 260 0
 145 0060 0024     		movs	r4, #0
 146 0062 0FE0     		b	.L6
 147              	.LVL7:
 148              	.L7:
 149              	.LBB3:
 261:Generated_Source\PSoC4/cyfitter_cfg.c **** 		{
 262:Generated_Source\PSoC4/cyfitter_cfg.c **** 			const cfg_memset_t CYCODE * CYDATA ms = &cfg_memset_list[i];
 263:Generated_Source\PSoC4/cyfitter_cfg.c **** 			CYMEMZERO(ms->address, (size_t)(uint32)(ms->size));
 150              		.loc 1 263 0 discriminator 3
 151 0064 1948     		ldr	r0, .L8
 152 0066 6200     		lsls	r2, r4, #1
 153 0068 1319     		adds	r3, r2, r4
 154 006a 5900     		lsls	r1, r3, #1
 155 006c 0B00     		movs	r3, r1
 156 006e 4118     		adds	r1, r0, r1
 157 0070 8988     		ldrh	r1, [r1, #4]
 158 0072 1A5A     		ldrh	r2, [r3, r0]
 159 0074 C318     		adds	r3, r0, r3
 160 0076 5888     		ldrh	r0, [r3, #2]
 161 0078 0004     		lsls	r0, r0, #16
 162 007a 1043     		orrs	r0, r2
 163 007c FFF7FEFF 		bl	CYMEMZERO
 164              	.LVL8:
 165              	.LBE3:
 260:Generated_Source\PSoC4/cyfitter_cfg.c **** 		{
 166              		.loc 1 260 0 discriminator 3
 167 0080 0134     		adds	r4, r4, #1
 168              	.LVL9:
 169 0082 E4B2     		uxtb	r4, r4
 170              	.LVL10:
 171              	.L6:
 260:Generated_Source\PSoC4/cyfitter_cfg.c **** 		{
 172              		.loc 1 260 0 is_stmt 0 discriminator 1
 173 0084 012C     		cmp	r4, #1
 174 0086 EDD9     		bls	.L7
 264:Generated_Source\PSoC4/cyfitter_cfg.c **** 		}
 265:Generated_Source\PSoC4/cyfitter_cfg.c **** 
 266:Generated_Source\PSoC4/cyfitter_cfg.c **** 		/* HSIOM Starting address: CYDEV_HSIOM_BASE */
 267:Generated_Source\PSoC4/cyfitter_cfg.c **** 		CY_SET_REG32((void *)(CYREG_HSIOM_PORT_SEL3), 0x0000EE00u);
 175              		.loc 1 267 0 is_stmt 1
 176 0088 EE22     		movs	r2, #238
 177 008a 1202     		lsls	r2, r2, #8
 178 008c 104B     		ldr	r3, .L8+4
 179 008e 1A60     		str	r2, [r3]
 268:Generated_Source\PSoC4/cyfitter_cfg.c **** 
 269:Generated_Source\PSoC4/cyfitter_cfg.c **** 		/* UDB_PA_0 Starting address: CYDEV_UDB_PA0_BASE */
 270:Generated_Source\PSoC4/cyfitter_cfg.c **** 		CY_SET_REG32((void *)(CYDEV_UDB_PA0_BASE), 0x00990000u);
 180              		.loc 1 270 0
 181 0090 9923     		movs	r3, #153
 182 0092 1B04     		lsls	r3, r3, #16
 183 0094 0F4A     		ldr	r2, .L8+8
 184 0096 1360     		str	r3, [r2]
ARM GAS  C:\Users\sabri\AppData\Local\Temp\ccJRf2xX.s 			page 9


 271:Generated_Source\PSoC4/cyfitter_cfg.c **** 
 272:Generated_Source\PSoC4/cyfitter_cfg.c **** 		/* UDB_PA_2 Starting address: CYDEV_UDB_PA2_BASE */
 273:Generated_Source\PSoC4/cyfitter_cfg.c **** 		CY_SET_REG32((void *)(CYDEV_UDB_PA2_BASE), 0x00990000u);
 185              		.loc 1 273 0
 186 0098 0F4A     		ldr	r2, .L8+12
 187 009a 1360     		str	r3, [r2]
 274:Generated_Source\PSoC4/cyfitter_cfg.c **** 
 275:Generated_Source\PSoC4/cyfitter_cfg.c **** 		/* UDB_PA_3 Starting address: CYDEV_UDB_PA3_BASE */
 276:Generated_Source\PSoC4/cyfitter_cfg.c **** 		CY_SET_REG32((void *)(CYDEV_UDB_PA3_BASE), 0x00990000u);
 188              		.loc 1 276 0
 189 009c 0F4A     		ldr	r2, .L8+16
 190 009e 1360     		str	r3, [r2]
 277:Generated_Source\PSoC4/cyfitter_cfg.c **** 
 278:Generated_Source\PSoC4/cyfitter_cfg.c **** 		/* Enable digital routing */
 279:Generated_Source\PSoC4/cyfitter_cfg.c **** 		CY_SET_XTND_REG8((void *)CYREG_UDB_UDBIF_BANK_CTL, (uint8)(CY_GET_XTND_REG8((void *)CYREG_UDB_UDB
 191              		.loc 1 279 0
 192 00a0 0F4A     		ldr	r2, .L8+20
 193 00a2 1178     		ldrb	r1, [r2]
 194 00a4 0623     		movs	r3, #6
 195 00a6 0B43     		orrs	r3, r1
 196 00a8 DBB2     		uxtb	r3, r3
 197 00aa 1370     		strb	r3, [r2]
 198              	.LBE2:
 280:Generated_Source\PSoC4/cyfitter_cfg.c **** 	}
 281:Generated_Source\PSoC4/cyfitter_cfg.c **** 
 282:Generated_Source\PSoC4/cyfitter_cfg.c **** 	/* Perform second pass device configuration. These items must be configured in specific order afte
 283:Generated_Source\PSoC4/cyfitter_cfg.c **** 	/* IOPINS0_0 Starting address: CYDEV_PRT0_BASE */
 284:Generated_Source\PSoC4/cyfitter_cfg.c **** 	CY_SET_REG32((void *)(CYDEV_PRT0_BASE), 0x00000008u);
 199              		.loc 1 284 0
 200 00ac 0822     		movs	r2, #8
 201 00ae 0D4B     		ldr	r3, .L8+24
 202 00b0 1A60     		str	r2, [r3]
 285:Generated_Source\PSoC4/cyfitter_cfg.c **** 	CY_SET_REG32((void *)(CYREG_PRT0_PC), 0x00000C00u);
 203              		.loc 1 285 0
 204 00b2 C022     		movs	r2, #192
 205 00b4 1201     		lsls	r2, r2, #4
 206 00b6 0C4B     		ldr	r3, .L8+28
 207 00b8 1A60     		str	r2, [r3]
 286:Generated_Source\PSoC4/cyfitter_cfg.c **** 
 287:Generated_Source\PSoC4/cyfitter_cfg.c **** 	/* IOPINS0_2 Starting address: CYDEV_PRT2_BASE */
 288:Generated_Source\PSoC4/cyfitter_cfg.c **** 	CY_SET_REG32((void *)(CYREG_PRT2_PC), 0x00000DB6u);
 208              		.loc 1 288 0
 209 00ba 0C4A     		ldr	r2, .L8+32
 210 00bc 0C4B     		ldr	r3, .L8+36
 211 00be 1A60     		str	r2, [r3]
 289:Generated_Source\PSoC4/cyfitter_cfg.c **** 
 290:Generated_Source\PSoC4/cyfitter_cfg.c **** 	/* IOPINS0_3 Starting address: CYDEV_PRT3_BASE */
 291:Generated_Source\PSoC4/cyfitter_cfg.c **** 	CY_SET_REG32((void *)(CYREG_PRT3_PC), 0x00000D80u);
 212              		.loc 1 291 0
 213 00c0 363A     		subs	r2, r2, #54
 214 00c2 0C4B     		ldr	r3, .L8+40
 215 00c4 1A60     		str	r2, [r3]
 292:Generated_Source\PSoC4/cyfitter_cfg.c **** 
 293:Generated_Source\PSoC4/cyfitter_cfg.c **** 
 294:Generated_Source\PSoC4/cyfitter_cfg.c **** 	/* Setup clocks based on selections from Clock DWR */
 295:Generated_Source\PSoC4/cyfitter_cfg.c **** 	ClockSetup();
 216              		.loc 1 295 0
ARM GAS  C:\Users\sabri\AppData\Local\Temp\ccJRf2xX.s 			page 10


 217 00c6 FFF79BFF 		bl	ClockSetup
 218              	.LVL11:
 296:Generated_Source\PSoC4/cyfitter_cfg.c **** 
 297:Generated_Source\PSoC4/cyfitter_cfg.c **** 	/* Perform basic analog initialization to defaults */
 298:Generated_Source\PSoC4/cyfitter_cfg.c **** 	AnalogSetDefault();
 299:Generated_Source\PSoC4/cyfitter_cfg.c **** 
 300:Generated_Source\PSoC4/cyfitter_cfg.c **** }
 219              		.loc 1 300 0
 220              		@ sp needed
 221              	.LVL12:
 222 00ca 10BD     		pop	{r4, pc}
 223              	.L9:
 224              		.align	2
 225              	.L8:
 226 00cc 00000000 		.word	.LANCHOR0
 227 00d0 0C000140 		.word	1073807372
 228 00d4 00500F40 		.word	1074745344
 229 00d8 20500F40 		.word	1074745376
 230 00dc 30500F40 		.word	1074745392
 231 00e0 00700F40 		.word	1074753536
 232 00e4 00000440 		.word	1074003968
 233 00e8 08000440 		.word	1074003976
 234 00ec B60D0000 		.word	3510
 235 00f0 08020440 		.word	1074004488
 236 00f4 08030440 		.word	1074004744
 237              		.cfi_endproc
 238              	.LFE5:
 239              		.size	cyfitter_cfg, .-cyfitter_cfg
 240              		.section	.rodata
 241              		.align	2
 242              		.set	.LANCHOR0,. + 0
 243              		.type	cfg_memset_list.4847, %object
 244              		.size	cfg_memset_list.4847, 12
 245              	cfg_memset_list.4847:
 246 0000 00300F40 		.word	1074737152
 247 0004 0004     		.short	1024
 248 0006 00400F40 		.4byte	1074741248
 249 000a 0004     		.short	1024
 250              		.text
 251              	.Letext0:
 252              		.file 2 "c:\\program files (x86)\\cypress\\psoc creator\\4.3\\psoc creator\\import\\gnu\\arm\\5.4.
 253              		.file 3 "Generated_Source\\PSoC4\\cytypes.h"
 254              		.file 4 "Generated_Source\\PSoC4\\CyLib.h"
 255              		.section	.debug_info,"",%progbits
 256              	.Ldebug_info0:
 257 0000 74020000 		.4byte	0x274
 258 0004 0400     		.2byte	0x4
 259 0006 00000000 		.4byte	.Ldebug_abbrev0
 260 000a 04       		.byte	0x4
 261 000b 01       		.uleb128 0x1
 262 000c 29010000 		.4byte	.LASF29
 263 0010 0C       		.byte	0xc
 264 0011 20020000 		.4byte	.LASF30
 265 0015 D4000000 		.4byte	.LASF31
 266 0019 00000000 		.4byte	.Ldebug_ranges0+0
 267 001d 00000000 		.4byte	0
 268 0021 00000000 		.4byte	.Ldebug_line0
ARM GAS  C:\Users\sabri\AppData\Local\Temp\ccJRf2xX.s 			page 11


 269 0025 02       		.uleb128 0x2
 270 0026 04       		.byte	0x4
 271 0027 05       		.byte	0x5
 272 0028 696E7400 		.ascii	"int\000"
 273 002c 03       		.uleb128 0x3
 274 002d 06000000 		.4byte	.LASF12
 275 0031 02       		.byte	0x2
 276 0032 D8       		.byte	0xd8
 277 0033 37000000 		.4byte	0x37
 278 0037 04       		.uleb128 0x4
 279 0038 04       		.byte	0x4
 280 0039 07       		.byte	0x7
 281 003a BA000000 		.4byte	.LASF0
 282 003e 04       		.uleb128 0x4
 283 003f 08       		.byte	0x8
 284 0040 05       		.byte	0x5
 285 0041 CD010000 		.4byte	.LASF1
 286 0045 04       		.uleb128 0x4
 287 0046 08       		.byte	0x8
 288 0047 04       		.byte	0x4
 289 0048 08020000 		.4byte	.LASF2
 290 004c 04       		.uleb128 0x4
 291 004d 01       		.byte	0x1
 292 004e 06       		.byte	0x6
 293 004f 14020000 		.4byte	.LASF3
 294 0053 04       		.uleb128 0x4
 295 0054 01       		.byte	0x1
 296 0055 08       		.byte	0x8
 297 0056 84000000 		.4byte	.LASF4
 298 005a 04       		.uleb128 0x4
 299 005b 02       		.byte	0x2
 300 005c 05       		.byte	0x5
 301 005d E0010000 		.4byte	.LASF5
 302 0061 04       		.uleb128 0x4
 303 0062 02       		.byte	0x2
 304 0063 07       		.byte	0x7
 305 0064 37000000 		.4byte	.LASF6
 306 0068 04       		.uleb128 0x4
 307 0069 04       		.byte	0x4
 308 006a 05       		.byte	0x5
 309 006b FF010000 		.4byte	.LASF7
 310 006f 04       		.uleb128 0x4
 311 0070 04       		.byte	0x4
 312 0071 07       		.byte	0x7
 313 0072 62000000 		.4byte	.LASF8
 314 0076 04       		.uleb128 0x4
 315 0077 08       		.byte	0x8
 316 0078 07       		.byte	0x7
 317 0079 12010000 		.4byte	.LASF9
 318 007d 04       		.uleb128 0x4
 319 007e 04       		.byte	0x4
 320 007f 07       		.byte	0x7
 321 0080 C4010000 		.4byte	.LASF10
 322 0084 05       		.uleb128 0x5
 323 0085 04       		.byte	0x4
 324 0086 04       		.uleb128 0x4
 325 0087 01       		.byte	0x1
ARM GAS  C:\Users\sabri\AppData\Local\Temp\ccJRf2xX.s 			page 12


 326 0088 08       		.byte	0x8
 327 0089 DB010000 		.4byte	.LASF11
 328 008d 06       		.uleb128 0x6
 329 008e 74000000 		.4byte	.LASF13
 330 0092 03       		.byte	0x3
 331 0093 F701     		.2byte	0x1f7
 332 0095 53000000 		.4byte	0x53
 333 0099 06       		.uleb128 0x6
 334 009a AC000000 		.4byte	.LASF14
 335 009e 03       		.byte	0x3
 336 009f F801     		.2byte	0x1f8
 337 00a1 61000000 		.4byte	0x61
 338 00a5 06       		.uleb128 0x6
 339 00a6 B3000000 		.4byte	.LASF15
 340 00aa 03       		.byte	0x3
 341 00ab F901     		.2byte	0x1f9
 342 00ad 6F000000 		.4byte	0x6f
 343 00b1 04       		.uleb128 0x4
 344 00b2 04       		.byte	0x4
 345 00b3 04       		.byte	0x4
 346 00b4 4A000000 		.4byte	.LASF16
 347 00b8 04       		.uleb128 0x4
 348 00b9 08       		.byte	0x8
 349 00ba 04       		.byte	0x4
 350 00bb 99000000 		.4byte	.LASF17
 351 00bf 06       		.uleb128 0x6
 352 00c0 55000000 		.4byte	.LASF18
 353 00c4 03       		.byte	0x3
 354 00c5 A102     		.2byte	0x2a1
 355 00c7 CB000000 		.4byte	0xcb
 356 00cb 07       		.uleb128 0x7
 357 00cc 8D000000 		.4byte	0x8d
 358 00d0 06       		.uleb128 0x6
 359 00d1 00000000 		.4byte	.LASF19
 360 00d5 03       		.byte	0x3
 361 00d6 A302     		.2byte	0x2a3
 362 00d8 DC000000 		.4byte	0xdc
 363 00dc 07       		.uleb128 0x7
 364 00dd A5000000 		.4byte	0xa5
 365 00e1 08       		.uleb128 0x8
 366 00e2 7A000000 		.4byte	.LASF20
 367 00e6 01       		.byte	0x1
 368 00e7 4C       		.byte	0x4c
 369 00e8 00000000 		.4byte	.LFB0
 370 00ec 0C000000 		.4byte	.LFE0-.LFB0
 371 00f0 01       		.uleb128 0x1
 372 00f1 9C       		.byte	0x9c
 373 00f2 2E010000 		.4byte	0x12e
 374 00f6 09       		.uleb128 0x9
 375 00f7 7300     		.ascii	"s\000"
 376 00f9 01       		.byte	0x1
 377 00fa 4C       		.byte	0x4c
 378 00fb 84000000 		.4byte	0x84
 379 00ff 00000000 		.4byte	.LLST0
 380 0103 09       		.uleb128 0x9
 381 0104 6E00     		.ascii	"n\000"
 382 0106 01       		.byte	0x1
ARM GAS  C:\Users\sabri\AppData\Local\Temp\ccJRf2xX.s 			page 13


 383 0107 4C       		.byte	0x4c
 384 0108 2C000000 		.4byte	0x2c
 385 010c 21000000 		.4byte	.LLST1
 386 0110 0A       		.uleb128 0xa
 387 0111 0A000000 		.4byte	.LVL2
 388 0115 4D020000 		.4byte	0x24d
 389 0119 0B       		.uleb128 0xb
 390 011a 01       		.uleb128 0x1
 391 011b 50       		.byte	0x50
 392 011c 03       		.uleb128 0x3
 393 011d F3       		.byte	0xf3
 394 011e 01       		.uleb128 0x1
 395 011f 50       		.byte	0x50
 396 0120 0B       		.uleb128 0xb
 397 0121 01       		.uleb128 0x1
 398 0122 51       		.byte	0x51
 399 0123 01       		.uleb128 0x1
 400 0124 30       		.byte	0x30
 401 0125 0B       		.uleb128 0xb
 402 0126 01       		.uleb128 0x1
 403 0127 52       		.byte	0x52
 404 0128 03       		.uleb128 0x3
 405 0129 F3       		.byte	0xf3
 406 012a 01       		.uleb128 0x1
 407 012b 51       		.byte	0x51
 408 012c 00       		.byte	0
 409 012d 00       		.byte	0
 410 012e 08       		.uleb128 0x8
 411 012f 2C000000 		.4byte	.LASF21
 412 0133 01       		.byte	0x1
 413 0134 AA       		.byte	0xaa
 414 0135 00000000 		.4byte	.LFB3
 415 0139 5C000000 		.4byte	.LFE3-.LFB3
 416 013d 01       		.uleb128 0x1
 417 013e 9C       		.byte	0x9c
 418 013f 79010000 		.4byte	0x179
 419 0143 0C       		.uleb128 0xc
 420 0144 14000000 		.4byte	.LVL3
 421 0148 56020000 		.4byte	0x256
 422 014c 56010000 		.4byte	0x156
 423 0150 0B       		.uleb128 0xb
 424 0151 01       		.uleb128 0x1
 425 0152 50       		.byte	0x50
 426 0153 01       		.uleb128 0x1
 427 0154 48       		.byte	0x48
 428 0155 00       		.byte	0
 429 0156 0C       		.uleb128 0xc
 430 0157 34000000 		.4byte	.LVL4
 431 015b 61020000 		.4byte	0x261
 432 015f 69010000 		.4byte	0x169
 433 0163 0B       		.uleb128 0xb
 434 0164 01       		.uleb128 0x1
 435 0165 50       		.byte	0x50
 436 0166 01       		.uleb128 0x1
 437 0167 39       		.byte	0x39
 438 0168 00       		.byte	0
 439 0169 0A       		.uleb128 0xa
ARM GAS  C:\Users\sabri\AppData\Local\Temp\ccJRf2xX.s 			page 14


 440 016a 3A000000 		.4byte	.LVL5
 441 016e 6C020000 		.4byte	0x26c
 442 0172 0B       		.uleb128 0xb
 443 0173 01       		.uleb128 0x1
 444 0174 50       		.byte	0x50
 445 0175 01       		.uleb128 0x1
 446 0176 39       		.byte	0x39
 447 0177 00       		.byte	0
 448 0178 00       		.byte	0
 449 0179 0D       		.uleb128 0xd
 450 017a C7000000 		.4byte	.LASF32
 451 017e 01       		.byte	0x1
 452 017f EF       		.byte	0xef
 453 0180 5C000000 		.4byte	.LFB5
 454 0184 9C000000 		.4byte	.LFE5-.LFB5
 455 0188 01       		.uleb128 0x1
 456 0189 9C       		.byte	0x9c
 457 018a 4D020000 		.4byte	0x24d
 458 018e 0E       		.uleb128 0xe
 459 018f 60000000 		.4byte	.LBB2
 460 0193 4C000000 		.4byte	.LBE2-.LBB2
 461 0197 43020000 		.4byte	0x243
 462 019b 0F       		.uleb128 0xf
 463 019c 06       		.byte	0x6
 464 019d 01       		.byte	0x1
 465 019e F6       		.byte	0xf6
 466 019f BC010000 		.4byte	0x1bc
 467 01a3 10       		.uleb128 0x10
 468 01a4 5A000000 		.4byte	.LASF22
 469 01a8 01       		.byte	0x1
 470 01a9 F7       		.byte	0xf7
 471 01aa 84000000 		.4byte	0x84
 472 01ae 00       		.byte	0
 473 01af 10       		.uleb128 0x10
 474 01b0 50000000 		.4byte	.LASF23
 475 01b4 01       		.byte	0x1
 476 01b5 F8       		.byte	0xf8
 477 01b6 99000000 		.4byte	0x99
 478 01ba 04       		.byte	0x4
 479 01bb 00       		.byte	0
 480 01bc 03       		.uleb128 0x3
 481 01bd B7010000 		.4byte	.LASF24
 482 01c1 01       		.byte	0x1
 483 01c2 F9       		.byte	0xf9
 484 01c3 9B010000 		.4byte	0x19b
 485 01c7 11       		.uleb128 0x11
 486 01c8 D7010000 		.4byte	0x1d7
 487 01cc D7010000 		.4byte	0x1d7
 488 01d0 12       		.uleb128 0x12
 489 01d1 7D000000 		.4byte	0x7d
 490 01d5 01       		.byte	0x1
 491 01d6 00       		.byte	0
 492 01d7 13       		.uleb128 0x13
 493 01d8 BC010000 		.4byte	0x1bc
 494 01dc 14       		.uleb128 0x14
 495 01dd 1C000000 		.4byte	.LASF25
 496 01e1 01       		.byte	0x1
ARM GAS  C:\Users\sabri\AppData\Local\Temp\ccJRf2xX.s 			page 15


 497 01e2 FB       		.byte	0xfb
 498 01e3 ED010000 		.4byte	0x1ed
 499 01e7 05       		.uleb128 0x5
 500 01e8 03       		.byte	0x3
 501 01e9 00000000 		.4byte	cfg_memset_list.4847
 502 01ed 13       		.uleb128 0x13
 503 01ee C7010000 		.4byte	0x1c7
 504 01f2 15       		.uleb128 0x15
 505 01f3 6900     		.ascii	"i\000"
 506 01f5 01       		.byte	0x1
 507 01f6 0101     		.2byte	0x101
 508 01f8 8D000000 		.4byte	0x8d
 509 01fc 4D000000 		.4byte	.LLST2
 510 0200 16       		.uleb128 0x16
 511 0201 64000000 		.4byte	.LBB3
 512 0205 1C000000 		.4byte	.LBE3-.LBB3
 513 0209 15       		.uleb128 0x15
 514 020a 6D7300   		.ascii	"ms\000"
 515 020d 01       		.byte	0x1
 516 020e 0601     		.2byte	0x106
 517 0210 18020000 		.4byte	0x218
 518 0214 77000000 		.4byte	.LLST3
 519 0218 17       		.uleb128 0x17
 520 0219 04       		.byte	0x4
 521 021a D7010000 		.4byte	0x1d7
 522 021e 0A       		.uleb128 0xa
 523 021f 80000000 		.4byte	.LVL8
 524 0223 E1000000 		.4byte	0xe1
 525 0227 0B       		.uleb128 0xb
 526 0228 01       		.uleb128 0x1
 527 0229 51       		.byte	0x51
 528 022a 15       		.uleb128 0x15
 529 022b 74       		.byte	0x74
 530 022c 00       		.sleb128 0
 531 022d 31       		.byte	0x31
 532 022e 24       		.byte	0x24
 533 022f 74       		.byte	0x74
 534 0230 00       		.sleb128 0
 535 0231 22       		.byte	0x22
 536 0232 31       		.byte	0x31
 537 0233 24       		.byte	0x24
 538 0234 03       		.byte	0x3
 539 0235 04000000 		.4byte	.LANCHOR0+4
 540 0239 22       		.byte	0x22
 541 023a 94       		.byte	0x94
 542 023b 02       		.byte	0x2
 543 023c 0A       		.byte	0xa
 544 023d FFFF     		.2byte	0xffff
 545 023f 1A       		.byte	0x1a
 546 0240 00       		.byte	0
 547 0241 00       		.byte	0
 548 0242 00       		.byte	0
 549 0243 18       		.uleb128 0x18
 550 0244 CA000000 		.4byte	.LVL11
 551 0248 2E010000 		.4byte	0x12e
 552 024c 00       		.byte	0
 553 024d 19       		.uleb128 0x19
ARM GAS  C:\Users\sabri\AppData\Local\Temp\ccJRf2xX.s 			page 16


 554 024e 92000000 		.4byte	.LASF33
 555 0252 92000000 		.4byte	.LASF33
 556 0256 1A       		.uleb128 0x1a
 557 0257 EA010000 		.4byte	.LASF26
 558 025b EA010000 		.4byte	.LASF26
 559 025f 04       		.byte	0x4
 560 0260 6C       		.byte	0x6c
 561 0261 1A       		.uleb128 0x1a
 562 0262 0D000000 		.4byte	.LASF27
 563 0266 0D000000 		.4byte	.LASF27
 564 026a 04       		.byte	0x4
 565 026b D0       		.byte	0xd0
 566 026c 1A       		.uleb128 0x1a
 567 026d A0000000 		.4byte	.LASF28
 568 0271 A0000000 		.4byte	.LASF28
 569 0275 04       		.byte	0x4
 570 0276 D6       		.byte	0xd6
 571 0277 00       		.byte	0
 572              		.section	.debug_abbrev,"",%progbits
 573              	.Ldebug_abbrev0:
 574 0000 01       		.uleb128 0x1
 575 0001 11       		.uleb128 0x11
 576 0002 01       		.byte	0x1
 577 0003 25       		.uleb128 0x25
 578 0004 0E       		.uleb128 0xe
 579 0005 13       		.uleb128 0x13
 580 0006 0B       		.uleb128 0xb
 581 0007 03       		.uleb128 0x3
 582 0008 0E       		.uleb128 0xe
 583 0009 1B       		.uleb128 0x1b
 584 000a 0E       		.uleb128 0xe
 585 000b 55       		.uleb128 0x55
 586 000c 17       		.uleb128 0x17
 587 000d 11       		.uleb128 0x11
 588 000e 01       		.uleb128 0x1
 589 000f 10       		.uleb128 0x10
 590 0010 17       		.uleb128 0x17
 591 0011 00       		.byte	0
 592 0012 00       		.byte	0
 593 0013 02       		.uleb128 0x2
 594 0014 24       		.uleb128 0x24
 595 0015 00       		.byte	0
 596 0016 0B       		.uleb128 0xb
 597 0017 0B       		.uleb128 0xb
 598 0018 3E       		.uleb128 0x3e
 599 0019 0B       		.uleb128 0xb
 600 001a 03       		.uleb128 0x3
 601 001b 08       		.uleb128 0x8
 602 001c 00       		.byte	0
 603 001d 00       		.byte	0
 604 001e 03       		.uleb128 0x3
 605 001f 16       		.uleb128 0x16
 606 0020 00       		.byte	0
 607 0021 03       		.uleb128 0x3
 608 0022 0E       		.uleb128 0xe
 609 0023 3A       		.uleb128 0x3a
 610 0024 0B       		.uleb128 0xb
ARM GAS  C:\Users\sabri\AppData\Local\Temp\ccJRf2xX.s 			page 17


 611 0025 3B       		.uleb128 0x3b
 612 0026 0B       		.uleb128 0xb
 613 0027 49       		.uleb128 0x49
 614 0028 13       		.uleb128 0x13
 615 0029 00       		.byte	0
 616 002a 00       		.byte	0
 617 002b 04       		.uleb128 0x4
 618 002c 24       		.uleb128 0x24
 619 002d 00       		.byte	0
 620 002e 0B       		.uleb128 0xb
 621 002f 0B       		.uleb128 0xb
 622 0030 3E       		.uleb128 0x3e
 623 0031 0B       		.uleb128 0xb
 624 0032 03       		.uleb128 0x3
 625 0033 0E       		.uleb128 0xe
 626 0034 00       		.byte	0
 627 0035 00       		.byte	0
 628 0036 05       		.uleb128 0x5
 629 0037 0F       		.uleb128 0xf
 630 0038 00       		.byte	0
 631 0039 0B       		.uleb128 0xb
 632 003a 0B       		.uleb128 0xb
 633 003b 00       		.byte	0
 634 003c 00       		.byte	0
 635 003d 06       		.uleb128 0x6
 636 003e 16       		.uleb128 0x16
 637 003f 00       		.byte	0
 638 0040 03       		.uleb128 0x3
 639 0041 0E       		.uleb128 0xe
 640 0042 3A       		.uleb128 0x3a
 641 0043 0B       		.uleb128 0xb
 642 0044 3B       		.uleb128 0x3b
 643 0045 05       		.uleb128 0x5
 644 0046 49       		.uleb128 0x49
 645 0047 13       		.uleb128 0x13
 646 0048 00       		.byte	0
 647 0049 00       		.byte	0
 648 004a 07       		.uleb128 0x7
 649 004b 35       		.uleb128 0x35
 650 004c 00       		.byte	0
 651 004d 49       		.uleb128 0x49
 652 004e 13       		.uleb128 0x13
 653 004f 00       		.byte	0
 654 0050 00       		.byte	0
 655 0051 08       		.uleb128 0x8
 656 0052 2E       		.uleb128 0x2e
 657 0053 01       		.byte	0x1
 658 0054 03       		.uleb128 0x3
 659 0055 0E       		.uleb128 0xe
 660 0056 3A       		.uleb128 0x3a
 661 0057 0B       		.uleb128 0xb
 662 0058 3B       		.uleb128 0x3b
 663 0059 0B       		.uleb128 0xb
 664 005a 27       		.uleb128 0x27
 665 005b 19       		.uleb128 0x19
 666 005c 11       		.uleb128 0x11
 667 005d 01       		.uleb128 0x1
ARM GAS  C:\Users\sabri\AppData\Local\Temp\ccJRf2xX.s 			page 18


 668 005e 12       		.uleb128 0x12
 669 005f 06       		.uleb128 0x6
 670 0060 40       		.uleb128 0x40
 671 0061 18       		.uleb128 0x18
 672 0062 9742     		.uleb128 0x2117
 673 0064 19       		.uleb128 0x19
 674 0065 01       		.uleb128 0x1
 675 0066 13       		.uleb128 0x13
 676 0067 00       		.byte	0
 677 0068 00       		.byte	0
 678 0069 09       		.uleb128 0x9
 679 006a 05       		.uleb128 0x5
 680 006b 00       		.byte	0
 681 006c 03       		.uleb128 0x3
 682 006d 08       		.uleb128 0x8
 683 006e 3A       		.uleb128 0x3a
 684 006f 0B       		.uleb128 0xb
 685 0070 3B       		.uleb128 0x3b
 686 0071 0B       		.uleb128 0xb
 687 0072 49       		.uleb128 0x49
 688 0073 13       		.uleb128 0x13
 689 0074 02       		.uleb128 0x2
 690 0075 17       		.uleb128 0x17
 691 0076 00       		.byte	0
 692 0077 00       		.byte	0
 693 0078 0A       		.uleb128 0xa
 694 0079 898201   		.uleb128 0x4109
 695 007c 01       		.byte	0x1
 696 007d 11       		.uleb128 0x11
 697 007e 01       		.uleb128 0x1
 698 007f 31       		.uleb128 0x31
 699 0080 13       		.uleb128 0x13
 700 0081 00       		.byte	0
 701 0082 00       		.byte	0
 702 0083 0B       		.uleb128 0xb
 703 0084 8A8201   		.uleb128 0x410a
 704 0087 00       		.byte	0
 705 0088 02       		.uleb128 0x2
 706 0089 18       		.uleb128 0x18
 707 008a 9142     		.uleb128 0x2111
 708 008c 18       		.uleb128 0x18
 709 008d 00       		.byte	0
 710 008e 00       		.byte	0
 711 008f 0C       		.uleb128 0xc
 712 0090 898201   		.uleb128 0x4109
 713 0093 01       		.byte	0x1
 714 0094 11       		.uleb128 0x11
 715 0095 01       		.uleb128 0x1
 716 0096 31       		.uleb128 0x31
 717 0097 13       		.uleb128 0x13
 718 0098 01       		.uleb128 0x1
 719 0099 13       		.uleb128 0x13
 720 009a 00       		.byte	0
 721 009b 00       		.byte	0
 722 009c 0D       		.uleb128 0xd
 723 009d 2E       		.uleb128 0x2e
 724 009e 01       		.byte	0x1
ARM GAS  C:\Users\sabri\AppData\Local\Temp\ccJRf2xX.s 			page 19


 725 009f 3F       		.uleb128 0x3f
 726 00a0 19       		.uleb128 0x19
 727 00a1 03       		.uleb128 0x3
 728 00a2 0E       		.uleb128 0xe
 729 00a3 3A       		.uleb128 0x3a
 730 00a4 0B       		.uleb128 0xb
 731 00a5 3B       		.uleb128 0x3b
 732 00a6 0B       		.uleb128 0xb
 733 00a7 27       		.uleb128 0x27
 734 00a8 19       		.uleb128 0x19
 735 00a9 11       		.uleb128 0x11
 736 00aa 01       		.uleb128 0x1
 737 00ab 12       		.uleb128 0x12
 738 00ac 06       		.uleb128 0x6
 739 00ad 40       		.uleb128 0x40
 740 00ae 18       		.uleb128 0x18
 741 00af 9742     		.uleb128 0x2117
 742 00b1 19       		.uleb128 0x19
 743 00b2 01       		.uleb128 0x1
 744 00b3 13       		.uleb128 0x13
 745 00b4 00       		.byte	0
 746 00b5 00       		.byte	0
 747 00b6 0E       		.uleb128 0xe
 748 00b7 0B       		.uleb128 0xb
 749 00b8 01       		.byte	0x1
 750 00b9 11       		.uleb128 0x11
 751 00ba 01       		.uleb128 0x1
 752 00bb 12       		.uleb128 0x12
 753 00bc 06       		.uleb128 0x6
 754 00bd 01       		.uleb128 0x1
 755 00be 13       		.uleb128 0x13
 756 00bf 00       		.byte	0
 757 00c0 00       		.byte	0
 758 00c1 0F       		.uleb128 0xf
 759 00c2 13       		.uleb128 0x13
 760 00c3 01       		.byte	0x1
 761 00c4 0B       		.uleb128 0xb
 762 00c5 0B       		.uleb128 0xb
 763 00c6 3A       		.uleb128 0x3a
 764 00c7 0B       		.uleb128 0xb
 765 00c8 3B       		.uleb128 0x3b
 766 00c9 0B       		.uleb128 0xb
 767 00ca 01       		.uleb128 0x1
 768 00cb 13       		.uleb128 0x13
 769 00cc 00       		.byte	0
 770 00cd 00       		.byte	0
 771 00ce 10       		.uleb128 0x10
 772 00cf 0D       		.uleb128 0xd
 773 00d0 00       		.byte	0
 774 00d1 03       		.uleb128 0x3
 775 00d2 0E       		.uleb128 0xe
 776 00d3 3A       		.uleb128 0x3a
 777 00d4 0B       		.uleb128 0xb
 778 00d5 3B       		.uleb128 0x3b
 779 00d6 0B       		.uleb128 0xb
 780 00d7 49       		.uleb128 0x49
 781 00d8 13       		.uleb128 0x13
ARM GAS  C:\Users\sabri\AppData\Local\Temp\ccJRf2xX.s 			page 20


 782 00d9 38       		.uleb128 0x38
 783 00da 0B       		.uleb128 0xb
 784 00db 00       		.byte	0
 785 00dc 00       		.byte	0
 786 00dd 11       		.uleb128 0x11
 787 00de 01       		.uleb128 0x1
 788 00df 01       		.byte	0x1
 789 00e0 49       		.uleb128 0x49
 790 00e1 13       		.uleb128 0x13
 791 00e2 01       		.uleb128 0x1
 792 00e3 13       		.uleb128 0x13
 793 00e4 00       		.byte	0
 794 00e5 00       		.byte	0
 795 00e6 12       		.uleb128 0x12
 796 00e7 21       		.uleb128 0x21
 797 00e8 00       		.byte	0
 798 00e9 49       		.uleb128 0x49
 799 00ea 13       		.uleb128 0x13
 800 00eb 2F       		.uleb128 0x2f
 801 00ec 0B       		.uleb128 0xb
 802 00ed 00       		.byte	0
 803 00ee 00       		.byte	0
 804 00ef 13       		.uleb128 0x13
 805 00f0 26       		.uleb128 0x26
 806 00f1 00       		.byte	0
 807 00f2 49       		.uleb128 0x49
 808 00f3 13       		.uleb128 0x13
 809 00f4 00       		.byte	0
 810 00f5 00       		.byte	0
 811 00f6 14       		.uleb128 0x14
 812 00f7 34       		.uleb128 0x34
 813 00f8 00       		.byte	0
 814 00f9 03       		.uleb128 0x3
 815 00fa 0E       		.uleb128 0xe
 816 00fb 3A       		.uleb128 0x3a
 817 00fc 0B       		.uleb128 0xb
 818 00fd 3B       		.uleb128 0x3b
 819 00fe 0B       		.uleb128 0xb
 820 00ff 49       		.uleb128 0x49
 821 0100 13       		.uleb128 0x13
 822 0101 02       		.uleb128 0x2
 823 0102 18       		.uleb128 0x18
 824 0103 00       		.byte	0
 825 0104 00       		.byte	0
 826 0105 15       		.uleb128 0x15
 827 0106 34       		.uleb128 0x34
 828 0107 00       		.byte	0
 829 0108 03       		.uleb128 0x3
 830 0109 08       		.uleb128 0x8
 831 010a 3A       		.uleb128 0x3a
 832 010b 0B       		.uleb128 0xb
 833 010c 3B       		.uleb128 0x3b
 834 010d 05       		.uleb128 0x5
 835 010e 49       		.uleb128 0x49
 836 010f 13       		.uleb128 0x13
 837 0110 02       		.uleb128 0x2
 838 0111 17       		.uleb128 0x17
ARM GAS  C:\Users\sabri\AppData\Local\Temp\ccJRf2xX.s 			page 21


 839 0112 00       		.byte	0
 840 0113 00       		.byte	0
 841 0114 16       		.uleb128 0x16
 842 0115 0B       		.uleb128 0xb
 843 0116 01       		.byte	0x1
 844 0117 11       		.uleb128 0x11
 845 0118 01       		.uleb128 0x1
 846 0119 12       		.uleb128 0x12
 847 011a 06       		.uleb128 0x6
 848 011b 00       		.byte	0
 849 011c 00       		.byte	0
 850 011d 17       		.uleb128 0x17
 851 011e 0F       		.uleb128 0xf
 852 011f 00       		.byte	0
 853 0120 0B       		.uleb128 0xb
 854 0121 0B       		.uleb128 0xb
 855 0122 49       		.uleb128 0x49
 856 0123 13       		.uleb128 0x13
 857 0124 00       		.byte	0
 858 0125 00       		.byte	0
 859 0126 18       		.uleb128 0x18
 860 0127 898201   		.uleb128 0x4109
 861 012a 00       		.byte	0
 862 012b 11       		.uleb128 0x11
 863 012c 01       		.uleb128 0x1
 864 012d 31       		.uleb128 0x31
 865 012e 13       		.uleb128 0x13
 866 012f 00       		.byte	0
 867 0130 00       		.byte	0
 868 0131 19       		.uleb128 0x19
 869 0132 2E       		.uleb128 0x2e
 870 0133 00       		.byte	0
 871 0134 3F       		.uleb128 0x3f
 872 0135 19       		.uleb128 0x19
 873 0136 3C       		.uleb128 0x3c
 874 0137 19       		.uleb128 0x19
 875 0138 6E       		.uleb128 0x6e
 876 0139 0E       		.uleb128 0xe
 877 013a 03       		.uleb128 0x3
 878 013b 0E       		.uleb128 0xe
 879 013c 00       		.byte	0
 880 013d 00       		.byte	0
 881 013e 1A       		.uleb128 0x1a
 882 013f 2E       		.uleb128 0x2e
 883 0140 00       		.byte	0
 884 0141 3F       		.uleb128 0x3f
 885 0142 19       		.uleb128 0x19
 886 0143 3C       		.uleb128 0x3c
 887 0144 19       		.uleb128 0x19
 888 0145 6E       		.uleb128 0x6e
 889 0146 0E       		.uleb128 0xe
 890 0147 03       		.uleb128 0x3
 891 0148 0E       		.uleb128 0xe
 892 0149 3A       		.uleb128 0x3a
 893 014a 0B       		.uleb128 0xb
 894 014b 3B       		.uleb128 0x3b
 895 014c 0B       		.uleb128 0xb
ARM GAS  C:\Users\sabri\AppData\Local\Temp\ccJRf2xX.s 			page 22


 896 014d 00       		.byte	0
 897 014e 00       		.byte	0
 898 014f 00       		.byte	0
 899              		.section	.debug_loc,"",%progbits
 900              	.Ldebug_loc0:
 901              	.LLST0:
 902 0000 00000000 		.4byte	.LVL0
 903 0004 09000000 		.4byte	.LVL2-1
 904 0008 0100     		.2byte	0x1
 905 000a 50       		.byte	0x50
 906 000b 09000000 		.4byte	.LVL2-1
 907 000f 0C000000 		.4byte	.LFE0
 908 0013 0400     		.2byte	0x4
 909 0015 F3       		.byte	0xf3
 910 0016 01       		.uleb128 0x1
 911 0017 50       		.byte	0x50
 912 0018 9F       		.byte	0x9f
 913 0019 00000000 		.4byte	0
 914 001d 00000000 		.4byte	0
 915              	.LLST1:
 916 0021 00000000 		.4byte	.LVL0
 917 0025 06000000 		.4byte	.LVL1
 918 0029 0100     		.2byte	0x1
 919 002b 51       		.byte	0x51
 920 002c 06000000 		.4byte	.LVL1
 921 0030 09000000 		.4byte	.LVL2-1
 922 0034 0100     		.2byte	0x1
 923 0036 52       		.byte	0x52
 924 0037 09000000 		.4byte	.LVL2-1
 925 003b 0C000000 		.4byte	.LFE0
 926 003f 0400     		.2byte	0x4
 927 0041 F3       		.byte	0xf3
 928 0042 01       		.uleb128 0x1
 929 0043 51       		.byte	0x51
 930 0044 9F       		.byte	0x9f
 931 0045 00000000 		.4byte	0
 932 0049 00000000 		.4byte	0
 933              	.LLST2:
 934 004d 60000000 		.4byte	.LVL6
 935 0051 64000000 		.4byte	.LVL7
 936 0055 0200     		.2byte	0x2
 937 0057 30       		.byte	0x30
 938 0058 9F       		.byte	0x9f
 939 0059 64000000 		.4byte	.LVL7
 940 005d 82000000 		.4byte	.LVL9
 941 0061 0100     		.2byte	0x1
 942 0063 54       		.byte	0x54
 943 0064 84000000 		.4byte	.LVL10
 944 0068 CA000000 		.4byte	.LVL12
 945 006c 0100     		.2byte	0x1
 946 006e 54       		.byte	0x54
 947 006f 00000000 		.4byte	0
 948 0073 00000000 		.4byte	0
 949              	.LLST3:
 950 0077 64000000 		.4byte	.LVL7
 951 007b 82000000 		.4byte	.LVL9
 952 007f 0B00     		.2byte	0xb
ARM GAS  C:\Users\sabri\AppData\Local\Temp\ccJRf2xX.s 			page 23


 953 0081 74       		.byte	0x74
 954 0082 00       		.sleb128 0
 955 0083 36       		.byte	0x36
 956 0084 1E       		.byte	0x1e
 957 0085 03       		.byte	0x3
 958 0086 00000000 		.4byte	cfg_memset_list.4847
 959 008a 22       		.byte	0x22
 960 008b 9F       		.byte	0x9f
 961 008c 82000000 		.4byte	.LVL9
 962 0090 84000000 		.4byte	.LVL10
 963 0094 0B00     		.2byte	0xb
 964 0096 74       		.byte	0x74
 965 0097 7F       		.sleb128 -1
 966 0098 36       		.byte	0x36
 967 0099 1E       		.byte	0x1e
 968 009a 03       		.byte	0x3
 969 009b 00000000 		.4byte	cfg_memset_list.4847
 970 009f 22       		.byte	0x22
 971 00a0 9F       		.byte	0x9f
 972 00a1 00000000 		.4byte	0
 973 00a5 00000000 		.4byte	0
 974              		.section	.debug_aranges,"",%progbits
 975 0000 2C000000 		.4byte	0x2c
 976 0004 0200     		.2byte	0x2
 977 0006 00000000 		.4byte	.Ldebug_info0
 978 000a 04       		.byte	0x4
 979 000b 00       		.byte	0
 980 000c 0000     		.2byte	0
 981 000e 0000     		.2byte	0
 982 0010 00000000 		.4byte	.LFB0
 983 0014 0C000000 		.4byte	.LFE0-.LFB0
 984 0018 00000000 		.4byte	.LFB3
 985 001c 5C000000 		.4byte	.LFE3-.LFB3
 986 0020 5C000000 		.4byte	.LFB5
 987 0024 9C000000 		.4byte	.LFE5-.LFB5
 988 0028 00000000 		.4byte	0
 989 002c 00000000 		.4byte	0
 990              		.section	.debug_ranges,"",%progbits
 991              	.Ldebug_ranges0:
 992 0000 00000000 		.4byte	.LFB0
 993 0004 0C000000 		.4byte	.LFE0
 994 0008 00000000 		.4byte	.LFB3
 995 000c 5C000000 		.4byte	.LFE3
 996 0010 5C000000 		.4byte	.LFB5
 997 0014 F8000000 		.4byte	.LFE5
 998 0018 00000000 		.4byte	0
 999 001c 00000000 		.4byte	0
 1000              		.section	.debug_line,"",%progbits
 1001              	.Ldebug_line0:
 1002 0000 2B010000 		.section	.debug_str,"MS",%progbits,1
 1002      0200D600 
 1002      00000201 
 1002      FB0E0D00 
 1002      01010101 
 1003              	.LASF19:
 1004 0000 72656733 		.ascii	"reg32\000"
 1004      3200
ARM GAS  C:\Users\sabri\AppData\Local\Temp\ccJRf2xX.s 			page 24


 1005              	.LASF12:
 1006 0006 73697A65 		.ascii	"size_t\000"
 1006      5F7400
 1007              	.LASF27:
 1008 000d 4379496E 		.ascii	"CyIntSetVector\000"
 1008      74536574 
 1008      56656374 
 1008      6F7200
 1009              	.LASF25:
 1010 001c 6366675F 		.ascii	"cfg_memset_list\000"
 1010      6D656D73 
 1010      65745F6C 
 1010      69737400 
 1011              	.LASF21:
 1012 002c 436C6F63 		.ascii	"ClockSetup\000"
 1012      6B536574 
 1012      757000
 1013              	.LASF6:
 1014 0037 73686F72 		.ascii	"short unsigned int\000"
 1014      7420756E 
 1014      7369676E 
 1014      65642069 
 1014      6E7400
 1015              	.LASF16:
 1016 004a 666C6F61 		.ascii	"float\000"
 1016      7400
 1017              	.LASF23:
 1018 0050 73697A65 		.ascii	"size\000"
 1018      00
 1019              	.LASF18:
 1020 0055 72656738 		.ascii	"reg8\000"
 1020      00
 1021              	.LASF22:
 1022 005a 61646472 		.ascii	"address\000"
 1022      65737300 
 1023              	.LASF8:
 1024 0062 6C6F6E67 		.ascii	"long unsigned int\000"
 1024      20756E73 
 1024      69676E65 
 1024      6420696E 
 1024      7400
 1025              	.LASF13:
 1026 0074 75696E74 		.ascii	"uint8\000"
 1026      3800
 1027              	.LASF20:
 1028 007a 43594D45 		.ascii	"CYMEMZERO\000"
 1028      4D5A4552 
 1028      4F00
 1029              	.LASF4:
 1030 0084 756E7369 		.ascii	"unsigned char\000"
 1030      676E6564 
 1030      20636861 
 1030      7200
 1031              	.LASF33:
 1032 0092 6D656D73 		.ascii	"memset\000"
 1032      657400
 1033              	.LASF17:
ARM GAS  C:\Users\sabri\AppData\Local\Temp\ccJRf2xX.s 			page 25


 1034 0099 646F7562 		.ascii	"double\000"
 1034      6C6500
 1035              	.LASF28:
 1036 00a0 4379496E 		.ascii	"CyIntEnable\000"
 1036      74456E61 
 1036      626C6500 
 1037              	.LASF14:
 1038 00ac 75696E74 		.ascii	"uint16\000"
 1038      313600
 1039              	.LASF15:
 1040 00b3 75696E74 		.ascii	"uint32\000"
 1040      333200
 1041              	.LASF0:
 1042 00ba 756E7369 		.ascii	"unsigned int\000"
 1042      676E6564 
 1042      20696E74 
 1042      00
 1043              	.LASF32:
 1044 00c7 63796669 		.ascii	"cyfitter_cfg\000"
 1044      74746572 
 1044      5F636667 
 1044      00
 1045              	.LASF31:
 1046 00d4 433A5C55 		.ascii	"C:\\Users\\sabri\\Documents\\PSoC Creator\\Test\\Mo"
 1046      73657273 
 1046      5C736162 
 1046      72695C44 
 1046      6F63756D 
 1047 0101 746F7243 		.ascii	"torControl.cydsn\000"
 1047      6F6E7472 
 1047      6F6C2E63 
 1047      7964736E 
 1047      00
 1048              	.LASF9:
 1049 0112 6C6F6E67 		.ascii	"long long unsigned int\000"
 1049      206C6F6E 
 1049      6720756E 
 1049      7369676E 
 1049      65642069 
 1050              	.LASF29:
 1051 0129 474E5520 		.ascii	"GNU C11 5.4.1 20160609 (release) [ARM/embedded-5-br"
 1051      43313120 
 1051      352E342E 
 1051      31203230 
 1051      31363036 
 1052 015c 616E6368 		.ascii	"anch revision 237715] -mcpu=cortex-m0 -mthumb -g -O"
 1052      20726576 
 1052      6973696F 
 1052      6E203233 
 1052      37373135 
 1053 018f 67202D66 		.ascii	"g -ffunction-sections -ffat-lto-objects\000"
 1053      66756E63 
 1053      74696F6E 
 1053      2D736563 
 1053      74696F6E 
 1054              	.LASF24:
 1055 01b7 6366675F 		.ascii	"cfg_memset_t\000"
ARM GAS  C:\Users\sabri\AppData\Local\Temp\ccJRf2xX.s 			page 26


 1055      6D656D73 
 1055      65745F74 
 1055      00
 1056              	.LASF10:
 1057 01c4 73697A65 		.ascii	"sizetype\000"
 1057      74797065 
 1057      00
 1058              	.LASF1:
 1059 01cd 6C6F6E67 		.ascii	"long long int\000"
 1059      206C6F6E 
 1059      6720696E 
 1059      7400
 1060              	.LASF11:
 1061 01db 63686172 		.ascii	"char\000"
 1061      00
 1062              	.LASF5:
 1063 01e0 73686F72 		.ascii	"short int\000"
 1063      7420696E 
 1063      7400
 1064              	.LASF26:
 1065 01ea 43795379 		.ascii	"CySysClkWriteImoFreq\000"
 1065      73436C6B 
 1065      57726974 
 1065      65496D6F 
 1065      46726571 
 1066              	.LASF7:
 1067 01ff 6C6F6E67 		.ascii	"long int\000"
 1067      20696E74 
 1067      00
 1068              	.LASF2:
 1069 0208 6C6F6E67 		.ascii	"long double\000"
 1069      20646F75 
 1069      626C6500 
 1070              	.LASF3:
 1071 0214 7369676E 		.ascii	"signed char\000"
 1071      65642063 
 1071      68617200 
 1072              	.LASF30:
 1073 0220 47656E65 		.ascii	"Generated_Source\\PSoC4\\cyfitter_cfg.c\000"
 1073      72617465 
 1073      645F536F 
 1073      75726365 
 1073      5C50536F 
 1074              		.ident	"GCC: (GNU Tools for ARM Embedded Processors) 5.4.1 20160609 (release) [ARM/embedded-5-bran
