Archive member included to satisfy reference by file (symbol)

.\CortexM0\ARM_GCC_541\Debug\MotorControl.a(dirA.o)
                              .\CortexM0\ARM_GCC_541\Debug\main.o (dirA_Write)
.\CortexM0\ARM_GCC_541\Debug\MotorControl.a(pwmA.o)
                              .\CortexM0\ARM_GCC_541\Debug\main.o (pwmA_Write)
.\CortexM0\ARM_GCC_541\Debug\MotorControl.a(dirB.o)
                              .\CortexM0\ARM_GCC_541\Debug\main.o (dirB_Write)
.\CortexM0\ARM_GCC_541\Debug\MotorControl.a(pwmB.o)
                              .\CortexM0\ARM_GCC_541\Debug\main.o (pwmB_Write)
.\CortexM0\ARM_GCC_541\Debug\MotorControl.a(CyLib.o)
                              .\CortexM0\ARM_GCC_541\Debug\cyfitter_cfg.o (CyIntEnable)
.\CortexM0\ARM_GCC_541\Debug\MotorControl.a(CyLFClk.o)
                              .\CortexM0\ARM_GCC_541\Debug\cyfitter_cfg.o (CySysWdtIsr)
.\CortexM0\ARM_GCC_541\Debug\MotorControl.a(BlueLED.o)
                              .\CortexM0\ARM_GCC_541\Debug\main.o (BlueLED_Write)
.\CortexM0\ARM_GCC_541\Debug\MotorControl.a(CyBootAsmGnu.o)
                              .\CortexM0\ARM_GCC_541\Debug\MotorControl.a(CyLib.o) (CyDelayCycles)
c:/program files (x86)/cypress/psoc creator/4.3/psoc creator/import/gnu/arm/5.4.1/bin/../lib/gcc/arm-none-eabi/5.4.1/armv6-m\libgcc.a(_udivsi3.o)
                              .\CortexM0\ARM_GCC_541\Debug\MotorControl.a(CyLib.o) (__aeabi_uidiv)
c:/program files (x86)/cypress/psoc creator/4.3/psoc creator/import/gnu/arm/5.4.1/bin/../lib/gcc/arm-none-eabi/5.4.1/armv6-m\libgcc.a(_dvmd_tls.o)
                              c:/program files (x86)/cypress/psoc creator/4.3/psoc creator/import/gnu/arm/5.4.1/bin/../lib/gcc/arm-none-eabi/5.4.1/armv6-m\libgcc.a(_udivsi3.o) (__aeabi_idiv0)
c:/program files (x86)/cypress/psoc creator/4.3/psoc creator/import/gnu/arm/5.4.1/bin/../lib/gcc/arm-none-eabi/5.4.1/../../../../arm-none-eabi/lib/armv6-m\libg_nano.a(lib_a-errno.o)
                              .\CortexM0\ARM_GCC_541\Debug\Cm0Start.o (__errno)
c:/program files (x86)/cypress/psoc creator/4.3/psoc creator/import/gnu/arm/5.4.1/bin/../lib/gcc/arm-none-eabi/5.4.1/../../../../arm-none-eabi/lib/armv6-m\libg_nano.a(lib_a-exit.o)
                              c:/program files (x86)/cypress/psoc creator/4.3/psoc creator/import/gnu/arm/5.4.1/bin/../lib/gcc/arm-none-eabi/5.4.1/../../../../arm-none-eabi/lib/armv6-m/crt0.o (exit)
c:/program files (x86)/cypress/psoc creator/4.3/psoc creator/import/gnu/arm/5.4.1/bin/../lib/gcc/arm-none-eabi/5.4.1/../../../../arm-none-eabi/lib/armv6-m\libg_nano.a(lib_a-impure.o)
                              c:/program files (x86)/cypress/psoc creator/4.3/psoc creator/import/gnu/arm/5.4.1/bin/../lib/gcc/arm-none-eabi/5.4.1/../../../../arm-none-eabi/lib/armv6-m\libg_nano.a(lib_a-exit.o) (_global_impure_ptr)
c:/program files (x86)/cypress/psoc creator/4.3/psoc creator/import/gnu/arm/5.4.1/bin/../lib/gcc/arm-none-eabi/5.4.1/../../../../arm-none-eabi/lib/armv6-m\libg_nano.a(lib_a-init.o)
                              c:/program files (x86)/cypress/psoc creator/4.3/psoc creator/import/gnu/arm/5.4.1/bin/../lib/gcc/arm-none-eabi/5.4.1/../../../../arm-none-eabi/lib/armv6-m/crt0.o (__libc_init_array)
c:/program files (x86)/cypress/psoc creator/4.3/psoc creator/import/gnu/arm/5.4.1/bin/../lib/gcc/arm-none-eabi/5.4.1/../../../../arm-none-eabi/lib/armv6-m\libg_nano.a(lib_a-memset.o)
                              c:/program files (x86)/cypress/psoc creator/4.3/psoc creator/import/gnu/arm/5.4.1/bin/../lib/gcc/arm-none-eabi/5.4.1/../../../../arm-none-eabi/lib/armv6-m/crt0.o (memset)

Discarded input sections

 .text          0x00000000        0x0 c:/program files (x86)/cypress/psoc creator/4.3/psoc creator/import/gnu/arm/5.4.1/bin/../lib/gcc/arm-none-eabi/5.4.1/armv6-m/crti.o
 .data          0x00000000        0x0 c:/program files (x86)/cypress/psoc creator/4.3/psoc creator/import/gnu/arm/5.4.1/bin/../lib/gcc/arm-none-eabi/5.4.1/armv6-m/crti.o
 .bss           0x00000000        0x0 c:/program files (x86)/cypress/psoc creator/4.3/psoc creator/import/gnu/arm/5.4.1/bin/../lib/gcc/arm-none-eabi/5.4.1/armv6-m/crti.o
 .data          0x00000000        0x4 c:/program files (x86)/cypress/psoc creator/4.3/psoc creator/import/gnu/arm/5.4.1/bin/../lib/gcc/arm-none-eabi/5.4.1/armv6-m/crtbegin.o
 .text          0x00000000       0x78 c:/program files (x86)/cypress/psoc creator/4.3/psoc creator/import/gnu/arm/5.4.1/bin/../lib/gcc/arm-none-eabi/5.4.1/../../../../arm-none-eabi/lib/armv6-m/crt0.o
 .data          0x00000000        0x0 c:/program files (x86)/cypress/psoc creator/4.3/psoc creator/import/gnu/arm/5.4.1/bin/../lib/gcc/arm-none-eabi/5.4.1/../../../../arm-none-eabi/lib/armv6-m/crt0.o
 .bss           0x00000000        0x0 c:/program files (x86)/cypress/psoc creator/4.3/psoc creator/import/gnu/arm/5.4.1/bin/../lib/gcc/arm-none-eabi/5.4.1/../../../../arm-none-eabi/lib/armv6-m/crt0.o
 .ARM.extab     0x00000000        0x0 c:/program files (x86)/cypress/psoc creator/4.3/psoc creator/import/gnu/arm/5.4.1/bin/../lib/gcc/arm-none-eabi/5.4.1/../../../../arm-none-eabi/lib/armv6-m/crt0.o
 .ARM.exidx     0x00000000        0x8 c:/program files (x86)/cypress/psoc creator/4.3/psoc creator/import/gnu/arm/5.4.1/bin/../lib/gcc/arm-none-eabi/5.4.1/../../../../arm-none-eabi/lib/armv6-m/crt0.o
 .text          0x00000000        0x0 .\CortexM0\ARM_GCC_541\Debug\main.o
 .data          0x00000000        0x0 .\CortexM0\ARM_GCC_541\Debug\main.o
 .bss           0x00000000        0x0 .\CortexM0\ARM_GCC_541\Debug\main.o
 .text          0x00000000        0x0 .\CortexM0\ARM_GCC_541\Debug\cyfitter_cfg.o
 .data          0x00000000        0x0 .\CortexM0\ARM_GCC_541\Debug\cyfitter_cfg.o
 .bss           0x00000000        0x0 .\CortexM0\ARM_GCC_541\Debug\cyfitter_cfg.o
 .text          0x00000000        0x0 .\CortexM0\ARM_GCC_541\Debug\cymetadata.o
 .data          0x00000000        0x0 .\CortexM0\ARM_GCC_541\Debug\cymetadata.o
 .bss           0x00000000        0x0 .\CortexM0\ARM_GCC_541\Debug\cymetadata.o
 .text          0x00000000        0x0 .\CortexM0\ARM_GCC_541\Debug\Cm0Start.o
 .data          0x00000000        0x4 .\CortexM0\ARM_GCC_541\Debug\Cm0Start.o
 .bss           0x00000000        0x0 .\CortexM0\ARM_GCC_541\Debug\Cm0Start.o
 .text._exit    0x00000000        0xc .\CortexM0\ARM_GCC_541\Debug\Cm0Start.o
 .text._sbrk    0x00000000       0x30 .\CortexM0\ARM_GCC_541\Debug\Cm0Start.o
 .text          0x00000000        0x0 .\CortexM0\ARM_GCC_541\Debug\MotorControl.a(dirA.o)
 .data          0x00000000        0x0 .\CortexM0\ARM_GCC_541\Debug\MotorControl.a(dirA.o)
 .bss           0x00000000        0x0 .\CortexM0\ARM_GCC_541\Debug\MotorControl.a(dirA.o)
 .text.dirA_SetDriveMode
                0x00000000       0x14 .\CortexM0\ARM_GCC_541\Debug\MotorControl.a(dirA.o)
 .text.dirA_Read
                0x00000000       0x10 .\CortexM0\ARM_GCC_541\Debug\MotorControl.a(dirA.o)
 .text.dirA_ReadDataReg
                0x00000000       0x10 .\CortexM0\ARM_GCC_541\Debug\MotorControl.a(dirA.o)
 .text.dirA_SetInterruptMode
                0x00000000       0x14 .\CortexM0\ARM_GCC_541\Debug\MotorControl.a(dirA.o)
 .text.dirA_ClearInterrupt
                0x00000000       0x10 .\CortexM0\ARM_GCC_541\Debug\MotorControl.a(dirA.o)
 .text          0x00000000        0x0 .\CortexM0\ARM_GCC_541\Debug\MotorControl.a(pwmA.o)
 .data          0x00000000        0x0 .\CortexM0\ARM_GCC_541\Debug\MotorControl.a(pwmA.o)
 .bss           0x00000000        0x0 .\CortexM0\ARM_GCC_541\Debug\MotorControl.a(pwmA.o)
 .text.pwmA_SetDriveMode
                0x00000000       0x18 .\CortexM0\ARM_GCC_541\Debug\MotorControl.a(pwmA.o)
 .text.pwmA_Read
                0x00000000       0x10 .\CortexM0\ARM_GCC_541\Debug\MotorControl.a(pwmA.o)
 .text.pwmA_ReadDataReg
                0x00000000       0x10 .\CortexM0\ARM_GCC_541\Debug\MotorControl.a(pwmA.o)
 .text.pwmA_SetInterruptMode
                0x00000000       0x14 .\CortexM0\ARM_GCC_541\Debug\MotorControl.a(pwmA.o)
 .text.pwmA_ClearInterrupt
                0x00000000       0x14 .\CortexM0\ARM_GCC_541\Debug\MotorControl.a(pwmA.o)
 .text          0x00000000        0x0 .\CortexM0\ARM_GCC_541\Debug\MotorControl.a(dirB.o)
 .data          0x00000000        0x0 .\CortexM0\ARM_GCC_541\Debug\MotorControl.a(dirB.o)
 .bss           0x00000000        0x0 .\CortexM0\ARM_GCC_541\Debug\MotorControl.a(dirB.o)
 .text.dirB_SetDriveMode
                0x00000000       0x14 .\CortexM0\ARM_GCC_541\Debug\MotorControl.a(dirB.o)
 .text.dirB_Read
                0x00000000       0x10 .\CortexM0\ARM_GCC_541\Debug\MotorControl.a(dirB.o)
 .text.dirB_ReadDataReg
                0x00000000       0x10 .\CortexM0\ARM_GCC_541\Debug\MotorControl.a(dirB.o)
 .text.dirB_SetInterruptMode
                0x00000000       0x14 .\CortexM0\ARM_GCC_541\Debug\MotorControl.a(dirB.o)
 .text.dirB_ClearInterrupt
                0x00000000       0x14 .\CortexM0\ARM_GCC_541\Debug\MotorControl.a(dirB.o)
 .text          0x00000000        0x0 .\CortexM0\ARM_GCC_541\Debug\MotorControl.a(pwmB.o)
 .data          0x00000000        0x0 .\CortexM0\ARM_GCC_541\Debug\MotorControl.a(pwmB.o)
 .bss           0x00000000        0x0 .\CortexM0\ARM_GCC_541\Debug\MotorControl.a(pwmB.o)
 .text.pwmB_SetDriveMode
                0x00000000       0x18 .\CortexM0\ARM_GCC_541\Debug\MotorControl.a(pwmB.o)
 .text.pwmB_Read
                0x00000000       0x10 .\CortexM0\ARM_GCC_541\Debug\MotorControl.a(pwmB.o)
 .text.pwmB_ReadDataReg
                0x00000000       0x10 .\CortexM0\ARM_GCC_541\Debug\MotorControl.a(pwmB.o)
 .text.pwmB_SetInterruptMode
                0x00000000       0x14 .\CortexM0\ARM_GCC_541\Debug\MotorControl.a(pwmB.o)
 .text.pwmB_ClearInterrupt
                0x00000000       0x14 .\CortexM0\ARM_GCC_541\Debug\MotorControl.a(pwmB.o)
 .text          0x00000000        0x0 .\CortexM0\ARM_GCC_541\Debug\MotorControl.a(CyLib.o)
 .bss           0x00000000       0x18 .\CortexM0\ARM_GCC_541\Debug\MotorControl.a(CyLib.o)
 .text.CySysClkImoStart
                0x00000000       0x14 .\CortexM0\ARM_GCC_541\Debug\MotorControl.a(CyLib.o)
 .text.CySysClkImoStop
                0x00000000       0x10 .\CortexM0\ARM_GCC_541\Debug\MotorControl.a(CyLib.o)
 .text.CySysClkWriteHfclkDirect
                0x00000000       0x20 .\CortexM0\ARM_GCC_541\Debug\MotorControl.a(CyLib.o)
 .text.CySysEnablePumpClock
                0x00000000       0x38 .\CortexM0\ARM_GCC_541\Debug\MotorControl.a(CyLib.o)
 .text.CySysClkGetSysclkSource
                0x00000000       0x1c .\CortexM0\ARM_GCC_541\Debug\MotorControl.a(CyLib.o)
 .text.CySysClkWriteSysclkDiv
                0x00000000       0x30 .\CortexM0\ARM_GCC_541\Debug\MotorControl.a(CyLib.o)
 .text.CySysLvdDisable
                0x00000000       0x20 .\CortexM0\ARM_GCC_541\Debug\MotorControl.a(CyLib.o)
 .text.CySysLvdGetInterruptSource
                0x00000000       0x10 .\CortexM0\ARM_GCC_541\Debug\MotorControl.a(CyLib.o)
 .text.CySysLvdClearInterrupt
                0x00000000        0xc .\CortexM0\ARM_GCC_541\Debug\MotorControl.a(CyLib.o)
 .text.CySysGetResetReason
                0x00000000       0x14 .\CortexM0\ARM_GCC_541\Debug\MotorControl.a(CyLib.o)
 .text.CyDisableInts
                0x00000000       0x10 .\CortexM0\ARM_GCC_541\Debug\MotorControl.a(CyLib.o)
 .text.CyEnableInts
                0x00000000        0xc .\CortexM0\ARM_GCC_541\Debug\MotorControl.a(CyLib.o)
 .text.CyIntGetState
                0x00000000       0x18 .\CortexM0\ARM_GCC_541\Debug\MotorControl.a(CyLib.o)
 .text.CyIntDisable
                0x00000000       0x14 .\CortexM0\ARM_GCC_541\Debug\MotorControl.a(CyLib.o)
 .text.CyIntSetPending
                0x00000000       0x14 .\CortexM0\ARM_GCC_541\Debug\MotorControl.a(CyLib.o)
 .text.CyIntClearPending
                0x00000000       0x14 .\CortexM0\ARM_GCC_541\Debug\MotorControl.a(CyLib.o)
 .text.CyIntSetSysVector
                0x00000000       0x20 .\CortexM0\ARM_GCC_541\Debug\MotorControl.a(CyLib.o)
 .text.CyIntGetSysVector
                0x00000000       0x1c .\CortexM0\ARM_GCC_541\Debug\MotorControl.a(CyLib.o)
 .text.CyIntGetVector
                0x00000000       0x20 .\CortexM0\ARM_GCC_541\Debug\MotorControl.a(CyLib.o)
 .text.CyIntSetPriority
                0x00000000       0x4c .\CortexM0\ARM_GCC_541\Debug\MotorControl.a(CyLib.o)
 .text.CyIntGetPriority
                0x00000000       0x2c .\CortexM0\ARM_GCC_541\Debug\MotorControl.a(CyLib.o)
 .text.CySoftwareReset
                0x00000000       0x18 .\CortexM0\ARM_GCC_541\Debug\MotorControl.a(CyLib.o)
 .text.CySysLvdEnable
                0x00000000       0x44 .\CortexM0\ARM_GCC_541\Debug\MotorControl.a(CyLib.o)
 .text.CyDelayFreq
                0x00000000       0x4c .\CortexM0\ARM_GCC_541\Debug\MotorControl.a(CyLib.o)
 .text.CySysTickStop
                0x00000000       0x10 .\CortexM0\ARM_GCC_541\Debug\MotorControl.a(CyLib.o)
 .text.CySysTickEnableInterrupt
                0x00000000       0x10 .\CortexM0\ARM_GCC_541\Debug\MotorControl.a(CyLib.o)
 .text.CySysTickEnable
                0x00000000       0x18 .\CortexM0\ARM_GCC_541\Debug\MotorControl.a(CyLib.o)
 .text.CySysTickDisableInterrupt
                0x00000000       0x10 .\CortexM0\ARM_GCC_541\Debug\MotorControl.a(CyLib.o)
 .text.CySysTickSetReload
                0x00000000       0x10 .\CortexM0\ARM_GCC_541\Debug\MotorControl.a(CyLib.o)
 .text.CySysTickGetReload
                0x00000000       0x10 .\CortexM0\ARM_GCC_541\Debug\MotorControl.a(CyLib.o)
 .text.CySysTickGetValue
                0x00000000       0x10 .\CortexM0\ARM_GCC_541\Debug\MotorControl.a(CyLib.o)
 .text.CySysTickGetCountFlag
                0x00000000       0x10 .\CortexM0\ARM_GCC_541\Debug\MotorControl.a(CyLib.o)
 .text.CySysTickServiceCallbacks
                0x00000000       0x28 .\CortexM0\ARM_GCC_541\Debug\MotorControl.a(CyLib.o)
 .text.CySysTickClear
                0x00000000        0xc .\CortexM0\ARM_GCC_541\Debug\MotorControl.a(CyLib.o)
 .text.CySysTickInit
                0x00000000       0x40 .\CortexM0\ARM_GCC_541\Debug\MotorControl.a(CyLib.o)
 .text.CySysTickStart
                0x00000000       0x20 .\CortexM0\ARM_GCC_541\Debug\MotorControl.a(CyLib.o)
 .text.CySysTickSetCallback
                0x00000000       0x10 .\CortexM0\ARM_GCC_541\Debug\MotorControl.a(CyLib.o)
 .text.CySysTickGetCallback
                0x00000000        0xc .\CortexM0\ARM_GCC_541\Debug\MotorControl.a(CyLib.o)
 .text.CyGetUniqueId
                0x00000000       0x70 .\CortexM0\ARM_GCC_541\Debug\MotorControl.a(CyLib.o)
 .text          0x00000000        0x0 .\CortexM0\ARM_GCC_541\Debug\MotorControl.a(CyLFClk.o)
 .text.CySysClkIloEnabled
                0x00000000       0x14 .\CortexM0\ARM_GCC_541\Debug\MotorControl.a(CyLFClk.o)
 .text.CySysClkIloStart
                0x00000000       0x14 .\CortexM0\ARM_GCC_541\Debug\MotorControl.a(CyLFClk.o)
 .text.CySysClkIloStartMeasurement
                0x00000000       0x34 .\CortexM0\ARM_GCC_541\Debug\MotorControl.a(CyLFClk.o)
 .text.CySysClkIloStopMeasurement
                0x00000000       0x14 .\CortexM0\ARM_GCC_541\Debug\MotorControl.a(CyLFClk.o)
 .text.CySysClkIloCompensate
                0x00000000      0x104 .\CortexM0\ARM_GCC_541\Debug\MotorControl.a(CyLFClk.o)
 .text.CySysWdtGetEnabledStatus
                0x00000000       0x24 .\CortexM0\ARM_GCC_541\Debug\MotorControl.a(CyLFClk.o)
 .text.CySysWdtSetMode
                0x00000000       0x38 .\CortexM0\ARM_GCC_541\Debug\MotorControl.a(CyLFClk.o)
 .text.CySysClkLfclkPosedgeRestore
                0x00000000       0x2c .\CortexM0\ARM_GCC_541\Debug\MotorControl.a(CyLFClk.o)
 .text.CySysWdtGetMode
                0x00000000       0x14 .\CortexM0\ARM_GCC_541\Debug\MotorControl.a(CyLFClk.o)
 .text.CySysWdtSetClearOnMatch
                0x00000000       0x34 .\CortexM0\ARM_GCC_541\Debug\MotorControl.a(CyLFClk.o)
 .text.CySysWdtGetClearOnMatch
                0x00000000       0x24 .\CortexM0\ARM_GCC_541\Debug\MotorControl.a(CyLFClk.o)
 .text.CySysWdtEnable
                0x00000000       0x40 .\CortexM0\ARM_GCC_541\Debug\MotorControl.a(CyLFClk.o)
 .text.CySysWdtDisable
                0x00000000       0x44 .\CortexM0\ARM_GCC_541\Debug\MotorControl.a(CyLFClk.o)
 .text.CySysWdtSetCascade
                0x00000000       0x34 .\CortexM0\ARM_GCC_541\Debug\MotorControl.a(CyLFClk.o)
 .text.CySysWdtGetCascade
                0x00000000       0x14 .\CortexM0\ARM_GCC_541\Debug\MotorControl.a(CyLFClk.o)
 .text.CySysWdtSetMatch
                0x00000000       0x38 .\CortexM0\ARM_GCC_541\Debug\MotorControl.a(CyLFClk.o)
 .text.CySysWdtSetToggleBit
                0x00000000       0x30 .\CortexM0\ARM_GCC_541\Debug\MotorControl.a(CyLFClk.o)
 .text.CySysWdtGetToggleBit
                0x00000000       0x10 .\CortexM0\ARM_GCC_541\Debug\MotorControl.a(CyLFClk.o)
 .text.CySysWdtGetMatch
                0x00000000       0x20 .\CortexM0\ARM_GCC_541\Debug\MotorControl.a(CyLFClk.o)
 .text.CySysWdtGetCount
                0x00000000       0x3c .\CortexM0\ARM_GCC_541\Debug\MotorControl.a(CyLFClk.o)
 .text.CySysClkLfclkPosedgeCatch
                0x00000000       0x74 .\CortexM0\ARM_GCC_541\Debug\MotorControl.a(CyLFClk.o)
 .text.CySysClkIloStop
                0x00000000       0x38 .\CortexM0\ARM_GCC_541\Debug\MotorControl.a(CyLFClk.o)
 .text.CySysWdtGetInterruptSource
                0x00000000       0x14 .\CortexM0\ARM_GCC_541\Debug\MotorControl.a(CyLFClk.o)
 .text.CySysWdtResetCounters
                0x00000000       0x20 .\CortexM0\ARM_GCC_541\Debug\MotorControl.a(CyLFClk.o)
 .text.CySysWdtSetInterruptCallback
                0x00000000       0x20 .\CortexM0\ARM_GCC_541\Debug\MotorControl.a(CyLFClk.o)
 .text.CySysWdtGetInterruptCallback
                0x00000000       0x20 .\CortexM0\ARM_GCC_541\Debug\MotorControl.a(CyLFClk.o)
 .text.CySysWdtEnableCounterIsr
                0x00000000       0x34 .\CortexM0\ARM_GCC_541\Debug\MotorControl.a(CyLFClk.o)
 .text.CySysWdtDisableCounterIsr
                0x00000000       0x28 .\CortexM0\ARM_GCC_541\Debug\MotorControl.a(CyLFClk.o)
 .text.CySysWatchdogFeed
                0x00000000       0x60 .\CortexM0\ARM_GCC_541\Debug\MotorControl.a(CyLFClk.o)
 .text.CySysTimerDelayUntilMatch
                0x00000000       0x6c .\CortexM0\ARM_GCC_541\Debug\MotorControl.a(CyLFClk.o)
 .text.CySysTimerDelay
                0x00000000       0x3c .\CortexM0\ARM_GCC_541\Debug\MotorControl.a(CyLFClk.o)
 .rodata        0x00000000        0xc .\CortexM0\ARM_GCC_541\Debug\MotorControl.a(CyLFClk.o)
 .text          0x00000000        0x0 .\CortexM0\ARM_GCC_541\Debug\MotorControl.a(BlueLED.o)
 .data          0x00000000        0x0 .\CortexM0\ARM_GCC_541\Debug\MotorControl.a(BlueLED.o)
 .bss           0x00000000        0x0 .\CortexM0\ARM_GCC_541\Debug\MotorControl.a(BlueLED.o)
 .text.BlueLED_SetDriveMode
                0x00000000       0x18 .\CortexM0\ARM_GCC_541\Debug\MotorControl.a(BlueLED.o)
 .text.BlueLED_Read
                0x00000000       0x10 .\CortexM0\ARM_GCC_541\Debug\MotorControl.a(BlueLED.o)
 .text.BlueLED_ReadDataReg
                0x00000000       0x10 .\CortexM0\ARM_GCC_541\Debug\MotorControl.a(BlueLED.o)
 .text.BlueLED_SetInterruptMode
                0x00000000       0x14 .\CortexM0\ARM_GCC_541\Debug\MotorControl.a(BlueLED.o)
 .text.BlueLED_ClearInterrupt
                0x00000000       0x14 .\CortexM0\ARM_GCC_541\Debug\MotorControl.a(BlueLED.o)
 .data          0x00000000        0x0 .\CortexM0\ARM_GCC_541\Debug\MotorControl.a(CyBootAsmGnu.o)
 .bss           0x00000000        0x0 .\CortexM0\ARM_GCC_541\Debug\MotorControl.a(CyBootAsmGnu.o)
 .text          0x00000000      0x114 c:/program files (x86)/cypress/psoc creator/4.3/psoc creator/import/gnu/arm/5.4.1/bin/../lib/gcc/arm-none-eabi/5.4.1/armv6-m\libgcc.a(_udivsi3.o)
 .data          0x00000000        0x0 c:/program files (x86)/cypress/psoc creator/4.3/psoc creator/import/gnu/arm/5.4.1/bin/../lib/gcc/arm-none-eabi/5.4.1/armv6-m\libgcc.a(_udivsi3.o)
 .bss           0x00000000        0x0 c:/program files (x86)/cypress/psoc creator/4.3/psoc creator/import/gnu/arm/5.4.1/bin/../lib/gcc/arm-none-eabi/5.4.1/armv6-m\libgcc.a(_udivsi3.o)
 .text          0x00000000        0x4 c:/program files (x86)/cypress/psoc creator/4.3/psoc creator/import/gnu/arm/5.4.1/bin/../lib/gcc/arm-none-eabi/5.4.1/armv6-m\libgcc.a(_dvmd_tls.o)
 .data          0x00000000        0x0 c:/program files (x86)/cypress/psoc creator/4.3/psoc creator/import/gnu/arm/5.4.1/bin/../lib/gcc/arm-none-eabi/5.4.1/armv6-m\libgcc.a(_dvmd_tls.o)
 .bss           0x00000000        0x0 c:/program files (x86)/cypress/psoc creator/4.3/psoc creator/import/gnu/arm/5.4.1/bin/../lib/gcc/arm-none-eabi/5.4.1/armv6-m\libgcc.a(_dvmd_tls.o)
 .text          0x00000000        0x0 c:/program files (x86)/cypress/psoc creator/4.3/psoc creator/import/gnu/arm/5.4.1/bin/../lib/gcc/arm-none-eabi/5.4.1/../../../../arm-none-eabi/lib/armv6-m\libg_nano.a(lib_a-errno.o)
 .data          0x00000000        0x0 c:/program files (x86)/cypress/psoc creator/4.3/psoc creator/import/gnu/arm/5.4.1/bin/../lib/gcc/arm-none-eabi/5.4.1/../../../../arm-none-eabi/lib/armv6-m\libg_nano.a(lib_a-errno.o)
 .bss           0x00000000        0x0 c:/program files (x86)/cypress/psoc creator/4.3/psoc creator/import/gnu/arm/5.4.1/bin/../lib/gcc/arm-none-eabi/5.4.1/../../../../arm-none-eabi/lib/armv6-m\libg_nano.a(lib_a-errno.o)
 .text          0x00000000        0x0 c:/program files (x86)/cypress/psoc creator/4.3/psoc creator/import/gnu/arm/5.4.1/bin/../lib/gcc/arm-none-eabi/5.4.1/../../../../arm-none-eabi/lib/armv6-m\libg_nano.a(lib_a-exit.o)
 .data          0x00000000        0x0 c:/program files (x86)/cypress/psoc creator/4.3/psoc creator/import/gnu/arm/5.4.1/bin/../lib/gcc/arm-none-eabi/5.4.1/../../../../arm-none-eabi/lib/armv6-m\libg_nano.a(lib_a-exit.o)
 .bss           0x00000000        0x0 c:/program files (x86)/cypress/psoc creator/4.3/psoc creator/import/gnu/arm/5.4.1/bin/../lib/gcc/arm-none-eabi/5.4.1/../../../../arm-none-eabi/lib/armv6-m\libg_nano.a(lib_a-exit.o)
 .text.exit     0x00000000       0x2c c:/program files (x86)/cypress/psoc creator/4.3/psoc creator/import/gnu/arm/5.4.1/bin/../lib/gcc/arm-none-eabi/5.4.1/../../../../arm-none-eabi/lib/armv6-m\libg_nano.a(lib_a-exit.o)
 .text          0x00000000        0x0 c:/program files (x86)/cypress/psoc creator/4.3/psoc creator/import/gnu/arm/5.4.1/bin/../lib/gcc/arm-none-eabi/5.4.1/../../../../arm-none-eabi/lib/armv6-m\libg_nano.a(lib_a-impure.o)
 .data          0x00000000        0x0 c:/program files (x86)/cypress/psoc creator/4.3/psoc creator/import/gnu/arm/5.4.1/bin/../lib/gcc/arm-none-eabi/5.4.1/../../../../arm-none-eabi/lib/armv6-m\libg_nano.a(lib_a-impure.o)
 .bss           0x00000000        0x0 c:/program files (x86)/cypress/psoc creator/4.3/psoc creator/import/gnu/arm/5.4.1/bin/../lib/gcc/arm-none-eabi/5.4.1/../../../../arm-none-eabi/lib/armv6-m\libg_nano.a(lib_a-impure.o)
 .rodata._global_impure_ptr
                0x00000000        0x4 c:/program files (x86)/cypress/psoc creator/4.3/psoc creator/import/gnu/arm/5.4.1/bin/../lib/gcc/arm-none-eabi/5.4.1/../../../../arm-none-eabi/lib/armv6-m\libg_nano.a(lib_a-impure.o)
 .text          0x00000000        0x0 c:/program files (x86)/cypress/psoc creator/4.3/psoc creator/import/gnu/arm/5.4.1/bin/../lib/gcc/arm-none-eabi/5.4.1/../../../../arm-none-eabi/lib/armv6-m\libg_nano.a(lib_a-init.o)
 .data          0x00000000        0x0 c:/program files (x86)/cypress/psoc creator/4.3/psoc creator/import/gnu/arm/5.4.1/bin/../lib/gcc/arm-none-eabi/5.4.1/../../../../arm-none-eabi/lib/armv6-m\libg_nano.a(lib_a-init.o)
 .bss           0x00000000        0x0 c:/program files (x86)/cypress/psoc creator/4.3/psoc creator/import/gnu/arm/5.4.1/bin/../lib/gcc/arm-none-eabi/5.4.1/../../../../arm-none-eabi/lib/armv6-m\libg_nano.a(lib_a-init.o)
 .text          0x00000000        0x0 c:/program files (x86)/cypress/psoc creator/4.3/psoc creator/import/gnu/arm/5.4.1/bin/../lib/gcc/arm-none-eabi/5.4.1/../../../../arm-none-eabi/lib/armv6-m\libg_nano.a(lib_a-memset.o)
 .data          0x00000000        0x0 c:/program files (x86)/cypress/psoc creator/4.3/psoc creator/import/gnu/arm/5.4.1/bin/../lib/gcc/arm-none-eabi/5.4.1/../../../../arm-none-eabi/lib/armv6-m\libg_nano.a(lib_a-memset.o)
 .bss           0x00000000        0x0 c:/program files (x86)/cypress/psoc creator/4.3/psoc creator/import/gnu/arm/5.4.1/bin/../lib/gcc/arm-none-eabi/5.4.1/../../../../arm-none-eabi/lib/armv6-m\libg_nano.a(lib_a-memset.o)
 .text          0x00000000        0x0 c:/program files (x86)/cypress/psoc creator/4.3/psoc creator/import/gnu/arm/5.4.1/bin/../lib/gcc/arm-none-eabi/5.4.1/armv6-m/crtend.o
 .data          0x00000000        0x0 c:/program files (x86)/cypress/psoc creator/4.3/psoc creator/import/gnu/arm/5.4.1/bin/../lib/gcc/arm-none-eabi/5.4.1/armv6-m/crtend.o
 .bss           0x00000000        0x0 c:/program files (x86)/cypress/psoc creator/4.3/psoc creator/import/gnu/arm/5.4.1/bin/../lib/gcc/arm-none-eabi/5.4.1/armv6-m/crtend.o
 .text          0x00000000        0x0 c:/program files (x86)/cypress/psoc creator/4.3/psoc creator/import/gnu/arm/5.4.1/bin/../lib/gcc/arm-none-eabi/5.4.1/armv6-m/crtn.o
 .data          0x00000000        0x0 c:/program files (x86)/cypress/psoc creator/4.3/psoc creator/import/gnu/arm/5.4.1/bin/../lib/gcc/arm-none-eabi/5.4.1/armv6-m/crtn.o
 .bss           0x00000000        0x0 c:/program files (x86)/cypress/psoc creator/4.3/psoc creator/import/gnu/arm/5.4.1/bin/../lib/gcc/arm-none-eabi/5.4.1/armv6-m/crtn.o

Memory Configuration

Name             Origin             Length             Attributes
rom              0x00000000         0x00008000         xr
ram              0x20000000         0x00001000         xrw
*default*        0x00000000         0xffffffff

Linker script and memory map

LOAD c:/program files (x86)/cypress/psoc creator/4.3/psoc creator/import/gnu/arm/5.4.1/bin/../lib/gcc/arm-none-eabi/5.4.1/armv6-m/crti.o
LOAD c:/program files (x86)/cypress/psoc creator/4.3/psoc creator/import/gnu/arm/5.4.1/bin/../lib/gcc/arm-none-eabi/5.4.1/armv6-m/crtbegin.o
LOAD c:/program files (x86)/cypress/psoc creator/4.3/psoc creator/import/gnu/arm/5.4.1/bin/../lib/gcc/arm-none-eabi/5.4.1/../../../../arm-none-eabi/lib/armv6-m/crt0.o
START GROUP
LOAD .\CortexM0\ARM_GCC_541\Debug\main.o
LOAD .\CortexM0\ARM_GCC_541\Debug\cyfitter_cfg.o
LOAD .\CortexM0\ARM_GCC_541\Debug\cymetadata.o
LOAD .\CortexM0\ARM_GCC_541\Debug\Cm0Start.o
LOAD .\CortexM0\ARM_GCC_541\Debug\MotorControl.a
END GROUP
START GROUP
LOAD c:/program files (x86)/cypress/psoc creator/4.3/psoc creator/import/gnu/arm/5.4.1/bin/../lib/gcc/arm-none-eabi/5.4.1/armv6-m\libgcc.a
LOAD c:/program files (x86)/cypress/psoc creator/4.3/psoc creator/import/gnu/arm/5.4.1/bin/../lib/gcc/arm-none-eabi/5.4.1/../../../../arm-none-eabi/lib/armv6-m\libg_nano.a
LOAD c:/program files (x86)/cypress/psoc creator/4.3/psoc creator/import/gnu/arm/5.4.1/bin/../lib/gcc/arm-none-eabi/5.4.1/../../../../arm-none-eabi/lib/armv6-m\libc_nano.a
END GROUP
START GROUP
LOAD c:/program files (x86)/cypress/psoc creator/4.3/psoc creator/import/gnu/arm/5.4.1/bin/../lib/gcc/arm-none-eabi/5.4.1/armv6-m\libgcc.a
LOAD c:/program files (x86)/cypress/psoc creator/4.3/psoc creator/import/gnu/arm/5.4.1/bin/../lib/gcc/arm-none-eabi/5.4.1/../../../../arm-none-eabi/lib/armv6-m\libc_nano.a
END GROUP
LOAD c:/program files (x86)/cypress/psoc creator/4.3/psoc creator/import/gnu/arm/5.4.1/bin/../lib/gcc/arm-none-eabi/5.4.1/armv6-m/crtend.o
LOAD c:/program files (x86)/cypress/psoc creator/4.3/psoc creator/import/gnu/arm/5.4.1/bin/../lib/gcc/arm-none-eabi/5.4.1/armv6-m/crtn.o
START GROUP
LOAD c:/program files (x86)/cypress/psoc creator/4.3/psoc creator/import/gnu/arm/5.4.1/bin/../lib/gcc/arm-none-eabi/5.4.1/armv6-m\libgcc.a
LOAD c:/program files (x86)/cypress/psoc creator/4.3/psoc creator/import/gnu/arm/5.4.1/bin/../lib/gcc/arm-none-eabi/5.4.1/../../../../arm-none-eabi/lib/armv6-m\libc.a
LOAD c:/program files (x86)/cypress/psoc creator/4.3/psoc creator/import/gnu/arm/5.4.1/bin/../lib/gcc/arm-none-eabi/5.4.1/../../../../arm-none-eabi/lib/armv6-m\libnosys.a
END GROUP
                0x00000000                CY_APPL_ORIGIN = 0x0
                0x00000080                CY_FLASH_ROW_SIZE = 0x80
                0x00000001                CY_APPL_NUM = 0x1
                0x00000001                CY_APPL_MAX = 0x1
                0x00000040                CY_METADATA_SIZE = 0x40
                0x00000000                CY_APPL_LOADABLE = 0x0
                0x00000000                CY_CHECKSUM_EXCLUDE_SIZE = ALIGN (0x0, CY_FLASH_ROW_SIZE)
                0x00000000                CY_APP_FOR_STACK_AND_COPIER = 0x0
                [!provide]                PROVIDE (__cy_heap_start, _end)
                0x00000001                PROVIDE (__cy_region_num, ((__cy_regions_end - __cy_regions) / 0x10))
                0x20001000                PROVIDE (__cy_stack, (ORIGIN (ram) + LENGTH (ram)))
                [!provide]                PROVIDE (__cy_heap_end, (__cy_stack - 0x400))

.cybootloader   0x00000000        0x0
 *(.cybootloader)
                0x00000000                appl1_start = CY_APPL_ORIGIN?CY_APPL_ORIGIN:ALIGN (CY_FLASH_ROW_SIZE)
                0x00003f80                appl2_start = (appl1_start + ALIGN ((((LENGTH (rom) - appl1_start) - (0x2 * CY_FLASH_ROW_SIZE)) / 0x2), CY_FLASH_ROW_SIZE))
                0x00000000                appl_start = (CY_APPL_NUM == 0x1)?appl1_start:appl2_start
                0x00000001                cy_project_type_bootloader = (appl_start == 0x0)?0x1:0x0
                0x00000000                cy_project_type_app_for_stack_and_copier = (CY_APP_FOR_STACK_AND_COPIER == 0x1)?0x1:0x0

.text           0x00000000      0x734
 CREATE_OBJECT_SYMBOLS
                0x00000000                PROVIDE (__cy_interrupt_vector, RomVectors)
 *(.romvectors)
 .romvectors    0x00000000       0x10 .\CortexM0\ARM_GCC_541\Debug\Cm0Start.o
                0x00000000                RomVectors
                0x00000001                ASSERT ((. != __cy_interrupt_vector), No interrupt vector)
                0x00000001                ASSERT (CY_APPL_ORIGIN?(SIZEOF (.cybootloader) <= CY_APPL_ORIGIN):0x1, Wrong image location)
                0x00000010                PROVIDE (__cy_reset, Reset)
 *(.text.Reset)
 .text.Reset    0x00000010        0x8 .\CortexM0\ARM_GCC_541\Debug\Cm0Start.o
                0x00000010                Reset
                0x00000001                ASSERT ((. != __cy_reset), No reset code)
 *(.psocinit)
 .psocinit      0x00000018       0xf8 .\CortexM0\ARM_GCC_541\Debug\cyfitter_cfg.o
                0x00000074                cyfitter_cfg
                0x00000110                . = MAX (., 0x100)
 *(.text .text.* .gnu.linkonce.t.*)
 .text          0x00000110       0x60 c:/program files (x86)/cypress/psoc creator/4.3/psoc creator/import/gnu/arm/5.4.1/bin/../lib/gcc/arm-none-eabi/5.4.1/armv6-m/crtbegin.o
 .text.moveTog  0x00000170       0x4c .\CortexM0\ARM_GCC_541\Debug\main.o
                0x00000170                moveTog
 .text.stopMoving
                0x000001bc       0x2c .\CortexM0\ARM_GCC_541\Debug\main.o
                0x000001bc                stopMoving
 .text.main     0x000001e8       0x70 .\CortexM0\ARM_GCC_541\Debug\main.o
                0x000001e8                main
 .text.CYMEMZERO
                0x00000258        0xc .\CortexM0\ARM_GCC_541\Debug\cyfitter_cfg.o
 .text.IntDefaultHandler
                0x00000264       0x10 .\CortexM0\ARM_GCC_541\Debug\Cm0Start.o
                0x00000264                IntDefaultHandler
 .text.Start_c  0x00000274       0x48 .\CortexM0\ARM_GCC_541\Debug\Cm0Start.o
                0x00000274                Start_c
 .text.initialize_psoc
                0x000002bc       0x40 .\CortexM0\ARM_GCC_541\Debug\Cm0Start.o
                0x000002bc                initialize_psoc
 .text.dirA_Write
                0x000002fc       0x18 .\CortexM0\ARM_GCC_541\Debug\MotorControl.a(dirA.o)
                0x000002fc                dirA_Write
 .text.pwmA_Write
                0x00000314       0x18 .\CortexM0\ARM_GCC_541\Debug\MotorControl.a(pwmA.o)
                0x00000314                pwmA_Write
 .text.dirB_Write
                0x0000032c       0x18 .\CortexM0\ARM_GCC_541\Debug\MotorControl.a(dirB.o)
                0x0000032c                dirB_Write
 .text.pwmB_Write
                0x00000344       0x18 .\CortexM0\ARM_GCC_541\Debug\MotorControl.a(pwmB.o)
                0x00000344                pwmB_Write
 .text.CyIntEnable
                0x0000035c       0x14 .\CortexM0\ARM_GCC_541\Debug\MotorControl.a(CyLib.o)
                0x0000035c                CyIntEnable
 .text.CyHalt   0x00000370        0x4 .\CortexM0\ARM_GCC_541\Debug\MotorControl.a(CyLib.o)
                0x00000370                CyHalt
 .text.CyIntSetVector
                0x00000374       0x24 .\CortexM0\ARM_GCC_541\Debug\MotorControl.a(CyLib.o)
                0x00000374                CyIntSetVector
 .text.CyDelay  0x00000398       0x30 .\CortexM0\ARM_GCC_541\Debug\MotorControl.a(CyLib.o)
                0x00000398                CyDelay
 .text.CyDelayUs
                0x000003c8       0x14 .\CortexM0\ARM_GCC_541\Debug\MotorControl.a(CyLib.o)
                0x000003c8                CyDelayUs
 .text.CySysClkWriteImoFreq
                0x000003dc      0x164 .\CortexM0\ARM_GCC_541\Debug\MotorControl.a(CyLib.o)
                0x000003dc                CySysClkWriteImoFreq
 .text.CySysWdtLocked
                0x00000540       0x14 .\CortexM0\ARM_GCC_541\Debug\MotorControl.a(CyLFClk.o)
 .text.CySysWdtLock
                0x00000554       0x1c .\CortexM0\ARM_GCC_541\Debug\MotorControl.a(CyLFClk.o)
                0x00000554                CySysWdtLock
 .text.CySysWdtUnlock
                0x00000570       0x30 .\CortexM0\ARM_GCC_541\Debug\MotorControl.a(CyLFClk.o)
                0x00000570                CySysWdtUnlock
 .text.CySysWdtClearInterrupt
                0x000005a0       0x4c .\CortexM0\ARM_GCC_541\Debug\MotorControl.a(CyLFClk.o)
                0x000005a0                CySysWdtClearInterrupt
 .text.CySysWdtIsr
                0x000005ec       0xa4 .\CortexM0\ARM_GCC_541\Debug\MotorControl.a(CyLFClk.o)
                0x000005ec                CySysWdtIsr
 .text.BlueLED_Write
                0x00000690       0x18 .\CortexM0\ARM_GCC_541\Debug\MotorControl.a(BlueLED.o)
                0x00000690                BlueLED_Write
 .text          0x000006a8       0x24 .\CortexM0\ARM_GCC_541\Debug\MotorControl.a(CyBootAsmGnu.o)
                0x000006a8                CyDelayCycles
                0x000006bc                CyEnterCriticalSection
                0x000006c4                CyExitCriticalSection
 .text.__errno  0x000006cc        0xc c:/program files (x86)/cypress/psoc creator/4.3/psoc creator/import/gnu/arm/5.4.1/bin/../lib/gcc/arm-none-eabi/5.4.1/../../../../arm-none-eabi/lib/armv6-m\libg_nano.a(lib_a-errno.o)
                0x000006cc                __errno
 .text.__libc_init_array
                0x000006d8       0x4c c:/program files (x86)/cypress/psoc creator/4.3/psoc creator/import/gnu/arm/5.4.1/bin/../lib/gcc/arm-none-eabi/5.4.1/../../../../arm-none-eabi/lib/armv6-m\libg_nano.a(lib_a-init.o)
                0x000006d8                __libc_init_array
 .text.memset   0x00000724       0x10 c:/program files (x86)/cypress/psoc creator/4.3/psoc creator/import/gnu/arm/5.4.1/bin/../lib/gcc/arm-none-eabi/5.4.1/../../../../arm-none-eabi/lib/armv6-m\libg_nano.a(lib_a-memset.o)
                0x00000724                memset
 *(.plt)
 *(.gnu.warning)
 *(.glue_7t)
 .glue_7t       0x00000734        0x0 linker stubs
 *(.glue_7)
 .glue_7        0x00000734        0x0 linker stubs
 *(.vfp11_veneer)
 .vfp11_veneer  0x00000734        0x0 linker stubs
 *(.bootloader)
 *(.ARM.extab* .gnu.linkonce.armextab.*)
 *(.gcc_except_table)

.v4_bx          0x00000734        0x0
 .v4_bx         0x00000734        0x0 linker stubs

.iplt           0x00000734        0x0
 .iplt          0x00000734        0x0 c:/program files (x86)/cypress/psoc creator/4.3/psoc creator/import/gnu/arm/5.4.1/bin/../lib/gcc/arm-none-eabi/5.4.1/armv6-m/crtbegin.o

.eh_frame_hdr
 *(.eh_frame_hdr)

.eh_frame       0x00000734        0x4
 *(.eh_frame)
 .eh_frame      0x00000734        0x0 c:/program files (x86)/cypress/psoc creator/4.3/psoc creator/import/gnu/arm/5.4.1/bin/../lib/gcc/arm-none-eabi/5.4.1/armv6-m/crtbegin.o
 .eh_frame      0x00000734        0x4 c:/program files (x86)/cypress/psoc creator/4.3/psoc creator/import/gnu/arm/5.4.1/bin/../lib/gcc/arm-none-eabi/5.4.1/armv6-m/crtend.o
                [!provide]                PROVIDE (__exidx_start, .)

.ARM.exidx
 *(.ARM.exidx* .gnu.linkonce.armexidx.*)
                0x00000738                __exidx_end = .

.rodata         0x00000738       0x70
 *(.rodata .rodata.* .gnu.linkonce.r.*)
 .rodata        0x00000738        0xc .\CortexM0\ARM_GCC_541\Debug\cyfitter_cfg.o
 .rodata        0x00000744       0x2e .\CortexM0\ARM_GCC_541\Debug\MotorControl.a(CyLib.o)
                0x00000744                cyImoFreqMhz2Reg
 .rodata.str1.1
                0x00000772        0x2 c:/program files (x86)/cypress/psoc creator/4.3/psoc creator/import/gnu/arm/5.4.1/bin/../lib/gcc/arm-none-eabi/5.4.1/../../../../arm-none-eabi/lib/armv6-m\libg_nano.a(lib_a-impure.o)
                0x00000774                . = ALIGN (0x4)
 *(.init)
 .init          0x00000774        0x4 c:/program files (x86)/cypress/psoc creator/4.3/psoc creator/import/gnu/arm/5.4.1/bin/../lib/gcc/arm-none-eabi/5.4.1/armv6-m/crti.o
                0x00000774                _init
 .init          0x00000778        0x8 c:/program files (x86)/cypress/psoc creator/4.3/psoc creator/import/gnu/arm/5.4.1/bin/../lib/gcc/arm-none-eabi/5.4.1/armv6-m/crtn.o
                0x00000780                . = ALIGN (0x4)
                0x00000780                __preinit_array_start = .
 *(.preinit_array)
                0x00000780                __preinit_array_end = .
                0x00000780                . = ALIGN (0x4)
                0x00000780                __init_array_start = .
 *(SORT(.init_array.*))
 *(.init_array)
 .init_array    0x00000780        0x4 c:/program files (x86)/cypress/psoc creator/4.3/psoc creator/import/gnu/arm/5.4.1/bin/../lib/gcc/arm-none-eabi/5.4.1/armv6-m/crtbegin.o
 .init_array    0x00000784        0x4 .\CortexM0\ARM_GCC_541\Debug\Cm0Start.o
                0x00000788                __init_array_end = .
                0x00000788                . = ALIGN (0x4)
 *(.fini)
 .fini          0x00000788        0x4 c:/program files (x86)/cypress/psoc creator/4.3/psoc creator/import/gnu/arm/5.4.1/bin/../lib/gcc/arm-none-eabi/5.4.1/armv6-m/crti.o
                0x00000788                _fini
 .fini          0x0000078c        0x8 c:/program files (x86)/cypress/psoc creator/4.3/psoc creator/import/gnu/arm/5.4.1/bin/../lib/gcc/arm-none-eabi/5.4.1/armv6-m/crtn.o
                0x00000794                . = ALIGN (0x4)
                0x00000794                __fini_array_start = .
 *(.fini_array)
 .fini_array    0x00000794        0x4 c:/program files (x86)/cypress/psoc creator/4.3/psoc creator/import/gnu/arm/5.4.1/bin/../lib/gcc/arm-none-eabi/5.4.1/armv6-m/crtbegin.o
 *(SORT(.fini_array.*))
                0x00000798                __fini_array_end = .
                0x00000798                . = ALIGN (0x4)
 *crtbegin.o(.ctors)
 *(EXCLUDE_FILE(*crtend.o) .ctors)
 *(SORT(.ctors.*))
 *crtend.o(.ctors)
                0x00000798                . = ALIGN (0x4)
 *crtbegin.o(.dtors)
 *(EXCLUDE_FILE(*crtend.o) .dtors)
 *(SORT(.dtors.*))
 *crtend.o(.dtors)
                0x00000798                . = ALIGN (0x4)
                0x00000798                __cy_regions = .
                0x00000798        0x4 LONG 0x7a8 __cy_region_init_ram
                0x0000079c        0x4 LONG 0x200000c0 __cy_region_start_data
                0x000007a0        0x4 LONG 0x80 __cy_region_init_size_ram
                0x000007a4        0x4 LONG 0x40 __cy_region_zero_size_ram
                0x000007a8                __cy_regions_end = .
                0x000007a8                . = ALIGN (0x8)
                0x000007a8                _etext = .

.cy_checksum_exclude
                0x000007a8        0x0
 *(.cy_checksum_exclude)

.ramvectors     0x20000000       0xc0
                0x20000000                __cy_region_start_ram = .
 *(.ramvectors)
 .ramvectors    0x20000000       0xc0 .\CortexM0\ARM_GCC_541\Debug\Cm0Start.o
                0x20000000                CyRamVectors

.noinit
 *(.noinit)

.data           0x200000c0       0x80 load address 0x000007a8
                0x200000c0                __cy_region_start_data = .
 *(.jcr)
 .jcr           0x200000c0        0x0 c:/program files (x86)/cypress/psoc creator/4.3/psoc creator/import/gnu/arm/5.4.1/bin/../lib/gcc/arm-none-eabi/5.4.1/armv6-m/crtbegin.o
 .jcr           0x200000c0        0x4 c:/program files (x86)/cypress/psoc creator/4.3/psoc creator/import/gnu/arm/5.4.1/bin/../lib/gcc/arm-none-eabi/5.4.1/armv6-m/crtend.o
 *(.got.plt)
 *(.got)
 *(.shdata)
 *(.data .data.* .gnu.linkonce.d.*)
 .data          0x200000c4       0x14 .\CortexM0\ARM_GCC_541\Debug\MotorControl.a(CyLib.o)
                0x200000c4                CySysClkPumpConfig
                0x200000c8                cydelay32kMs
                0x200000cc                cydelayFreqKhz
                0x200000d0                cydelayFreqMhz
                0x200000d4                cydelayFreqHz
 .data          0x200000d8        0x4 .\CortexM0\ARM_GCC_541\Debug\MotorControl.a(CyLFClk.o)
 .data.impure_data
                0x200000dc       0x60 c:/program files (x86)/cypress/psoc creator/4.3/psoc creator/import/gnu/arm/5.4.1/bin/../lib/gcc/arm-none-eabi/5.4.1/../../../../arm-none-eabi/lib/armv6-m\libg_nano.a(lib_a-impure.o)
 .data._impure_ptr
                0x2000013c        0x4 c:/program files (x86)/cypress/psoc creator/4.3/psoc creator/import/gnu/arm/5.4.1/bin/../lib/gcc/arm-none-eabi/5.4.1/../../../../arm-none-eabi/lib/armv6-m\libg_nano.a(lib_a-impure.o)
                0x2000013c                _impure_ptr
                0x20000140                . = ALIGN (0x8)
 *(.ram)
                0x20000140                _edata = .

.igot.plt       0x20000140        0x0 load address 0x00000828
 .igot.plt      0x20000140        0x0 c:/program files (x86)/cypress/psoc creator/4.3/psoc creator/import/gnu/arm/5.4.1/bin/../lib/gcc/arm-none-eabi/5.4.1/armv6-m/crtbegin.o

.bss            0x20000140       0x40 load address 0x00000828
                0x20000140                PROVIDE (__bss_start__, .)
 *(.shbss)
 *(.bss .bss.* .gnu.linkonce.b.*)
 .bss           0x20000140       0x1c c:/program files (x86)/cypress/psoc creator/4.3/psoc creator/import/gnu/arm/5.4.1/bin/../lib/gcc/arm-none-eabi/5.4.1/armv6-m/crtbegin.o
 .bss           0x2000015c       0x20 .\CortexM0\ARM_GCC_541\Debug\MotorControl.a(CyLFClk.o)
 *(COMMON)
                0x20000180                . = ALIGN (0x8)
 *fill*         0x2000017c        0x4 
 *(.ram.b)
                0x20000180                _end = .
                0x20000180                __end = .
                0x20000180                PROVIDE (end, .)
                0x20000180                PROVIDE (__bss_end__, .)
                0x000007a8                __cy_region_init_ram = LOADADDR (.data)
                0x00000080                __cy_region_init_size_ram = (_edata - ADDR (.data))
                0x00000040                __cy_region_zero_size_ram = (_end - _edata)

.heap           0x20000180       0x80 load address 0x00000828
                0x20000180                . = _end
                0x20000200                . = (. + 0x80)
 *fill*         0x20000180       0x80 
                0x20000200                __cy_heap_limit = .

.stack          0x20000c00      0x400
                0x20000c00                __cy_stack_limit = .
                0x20001000                . = (. + 0x400)
 *fill*         0x20000c00      0x400 
                0x00000001                ASSERT ((__cy_stack_limit >= __cy_heap_limit), region RAM overflowed with stack)
                0x00000000                cy_checksum_exclude_size = (CY_APPL_LOADABLE == 0x1)?SIZEOF (.cy_checksum_exclude):0x0
                0x00000001                ASSERT ((cy_checksum_exclude_size <= CY_CHECKSUM_EXCLUDE_SIZE), CY_BOOT: Section .cy_checksum_exclude size exceedes specified limit.)
                0x00007fc0                cyloadermeta_start = (cy_project_type_bootloader || cy_project_type_app_for_stack_and_copier)?(LENGTH (rom) - CY_METADATA_SIZE):0xf0000000

.cyloadermeta
 *(.cyloadermeta)
                0x00007fc0                cyloadablemeta_start = cy_project_type_app_for_stack_and_copier?((LENGTH (rom) - CY_FLASH_ROW_SIZE) - CY_METADATA_SIZE):((LENGTH (rom) - (CY_FLASH_ROW_SIZE * (CY_APPL_NUM - 0x1))) - CY_METADATA_SIZE)

.cyloadablemeta
 *(.cyloadablemeta)

.cyflashprotect
                0x90400000       0x20
 *(.cyflashprotect)
 .cyflashprotect
                0x90400000       0x20 .\CortexM0\ARM_GCC_541\Debug\cymetadata.o
                0x90400000                cy_meta_flashprotect

.cymeta         0x90500000        0xc
 *(.cymeta)
 .cymeta        0x90500000        0xc .\CortexM0\ARM_GCC_541\Debug\cymetadata.o
                0x90500000                cy_metadata

.cychipprotect  0x90600000        0x1
 *(.cychipprotect)
 .cychipprotect
                0x90600000        0x1 .\CortexM0\ARM_GCC_541\Debug\cymetadata.o
                0x90600000                cy_meta_chipprotect

.rel.dyn        0x00000828        0x0 load address 0x90600004
 .rel.iplt      0x00000828        0x0 c:/program files (x86)/cypress/psoc creator/4.3/psoc creator/import/gnu/arm/5.4.1/bin/../lib/gcc/arm-none-eabi/5.4.1/armv6-m/crtbegin.o

.stab
 *(.stab)

.stabstr
 *(.stabstr)

.debug
 *(.debug)

.line
 *(.line)

.debug_srcinfo
 *(.debug_srcinfo)

.debug_sfnames
 *(.debug_sfnames)

.debug_aranges  0x00000000      0x500
 *(.debug_aranges)
 .debug_aranges
                0x00000000       0x30 .\CortexM0\ARM_GCC_541\Debug\main.o
 .debug_aranges
                0x00000030       0x30 .\CortexM0\ARM_GCC_541\Debug\cyfitter_cfg.o
 .debug_aranges
                0x00000060       0x18 .\CortexM0\ARM_GCC_541\Debug\cymetadata.o
 .debug_aranges
                0x00000078       0x48 .\CortexM0\ARM_GCC_541\Debug\Cm0Start.o
 .debug_aranges
                0x000000c0       0x48 .\CortexM0\ARM_GCC_541\Debug\MotorControl.a(dirA.o)
 .debug_aranges
                0x00000108       0x48 .\CortexM0\ARM_GCC_541\Debug\MotorControl.a(pwmA.o)
 .debug_aranges
                0x00000150       0x48 .\CortexM0\ARM_GCC_541\Debug\MotorControl.a(dirB.o)
 .debug_aranges
                0x00000198       0x48 .\CortexM0\ARM_GCC_541\Debug\MotorControl.a(pwmB.o)
 .debug_aranges
                0x000001e0      0x180 .\CortexM0\ARM_GCC_541\Debug\MotorControl.a(CyLib.o)
 .debug_aranges
                0x00000360      0x138 .\CortexM0\ARM_GCC_541\Debug\MotorControl.a(CyLFClk.o)
 .debug_aranges
                0x00000498       0x48 .\CortexM0\ARM_GCC_541\Debug\MotorControl.a(BlueLED.o)
 .debug_aranges
                0x000004e0       0x20 .\CortexM0\ARM_GCC_541\Debug\MotorControl.a(CyBootAsmGnu.o)

.debug_pubnames
 *(.debug_pubnames)

.debug_info     0x00000000     0x2a79
 *(.debug_info .gnu.linkonce.wi.*)
 .debug_info    0x00000000      0x2e1 .\CortexM0\ARM_GCC_541\Debug\main.o
 .debug_info    0x000002e1      0x278 .\CortexM0\ARM_GCC_541\Debug\cyfitter_cfg.o
 .debug_info    0x00000559       0xf8 .\CortexM0\ARM_GCC_541\Debug\cymetadata.o
 .debug_info    0x00000651      0x3a2 .\CortexM0\ARM_GCC_541\Debug\Cm0Start.o
 .debug_info    0x000009f3      0x19b .\CortexM0\ARM_GCC_541\Debug\MotorControl.a(dirA.o)
 .debug_info    0x00000b8e      0x19d .\CortexM0\ARM_GCC_541\Debug\MotorControl.a(pwmA.o)
 .debug_info    0x00000d2b      0x19d .\CortexM0\ARM_GCC_541\Debug\MotorControl.a(dirB.o)
 .debug_info    0x00000ec8      0x19d .\CortexM0\ARM_GCC_541\Debug\MotorControl.a(pwmB.o)
 .debug_info    0x00001065      0xaed .\CortexM0\ARM_GCC_541\Debug\MotorControl.a(CyLib.o)
 .debug_info    0x00001b52      0xcfe .\CortexM0\ARM_GCC_541\Debug\MotorControl.a(CyLFClk.o)
 .debug_info    0x00002850      0x19d .\CortexM0\ARM_GCC_541\Debug\MotorControl.a(BlueLED.o)
 .debug_info    0x000029ed       0x8c .\CortexM0\ARM_GCC_541\Debug\MotorControl.a(CyBootAsmGnu.o)

.debug_abbrev   0x00000000      0xcba
 *(.debug_abbrev)
 .debug_abbrev  0x00000000      0x157 .\CortexM0\ARM_GCC_541\Debug\main.o
 .debug_abbrev  0x00000157      0x150 .\CortexM0\ARM_GCC_541\Debug\cyfitter_cfg.o
 .debug_abbrev  0x000002a7       0x5d .\CortexM0\ARM_GCC_541\Debug\cymetadata.o
 .debug_abbrev  0x00000304      0x1d7 .\CortexM0\ARM_GCC_541\Debug\Cm0Start.o
 .debug_abbrev  0x000004db       0xc8 .\CortexM0\ARM_GCC_541\Debug\MotorControl.a(dirA.o)
 .debug_abbrev  0x000005a3       0xc8 .\CortexM0\ARM_GCC_541\Debug\MotorControl.a(pwmA.o)
 .debug_abbrev  0x0000066b       0xc8 .\CortexM0\ARM_GCC_541\Debug\MotorControl.a(dirB.o)
 .debug_abbrev  0x00000733       0xc8 .\CortexM0\ARM_GCC_541\Debug\MotorControl.a(pwmB.o)
 .debug_abbrev  0x000007fb      0x1d3 .\CortexM0\ARM_GCC_541\Debug\MotorControl.a(CyLib.o)
 .debug_abbrev  0x000009ce      0x210 .\CortexM0\ARM_GCC_541\Debug\MotorControl.a(CyLFClk.o)
 .debug_abbrev  0x00000bde       0xc8 .\CortexM0\ARM_GCC_541\Debug\MotorControl.a(BlueLED.o)
 .debug_abbrev  0x00000ca6       0x14 .\CortexM0\ARM_GCC_541\Debug\MotorControl.a(CyBootAsmGnu.o)

.debug_line     0x00000000     0x1255
 *(.debug_line)
 .debug_line    0x00000000       0xd3 .\CortexM0\ARM_GCC_541\Debug\main.o
 .debug_line    0x000000d3      0x12f .\CortexM0\ARM_GCC_541\Debug\cyfitter_cfg.o
 .debug_line    0x00000202      0x141 .\CortexM0\ARM_GCC_541\Debug\cymetadata.o
 .debug_line    0x00000343      0x235 .\CortexM0\ARM_GCC_541\Debug\Cm0Start.o
 .debug_line    0x00000578       0xbb .\CortexM0\ARM_GCC_541\Debug\MotorControl.a(dirA.o)
 .debug_line    0x00000633       0xbc .\CortexM0\ARM_GCC_541\Debug\MotorControl.a(pwmA.o)
 .debug_line    0x000006ef       0xbc .\CortexM0\ARM_GCC_541\Debug\MotorControl.a(dirB.o)
 .debug_line    0x000007ab       0xbc .\CortexM0\ARM_GCC_541\Debug\MotorControl.a(pwmB.o)
 .debug_line    0x00000867      0x460 .\CortexM0\ARM_GCC_541\Debug\MotorControl.a(CyLib.o)
 .debug_line    0x00000cc7      0x466 .\CortexM0\ARM_GCC_541\Debug\MotorControl.a(CyLFClk.o)
 .debug_line    0x0000112d       0xbf .\CortexM0\ARM_GCC_541\Debug\MotorControl.a(BlueLED.o)
 .debug_line    0x000011ec       0x69 .\CortexM0\ARM_GCC_541\Debug\MotorControl.a(CyBootAsmGnu.o)

.debug_frame    0x00000000      0xbf4
 *(.debug_frame)
 .debug_frame   0x00000000       0x64 .\CortexM0\ARM_GCC_541\Debug\main.o
 .debug_frame   0x00000064       0x68 .\CortexM0\ARM_GCC_541\Debug\cyfitter_cfg.o
 .debug_frame   0x000000cc       0xbc .\CortexM0\ARM_GCC_541\Debug\Cm0Start.o
 .debug_frame   0x00000188       0x70 .\CortexM0\ARM_GCC_541\Debug\MotorControl.a(dirA.o)
 .debug_frame   0x000001f8       0x70 .\CortexM0\ARM_GCC_541\Debug\MotorControl.a(pwmA.o)
 .debug_frame   0x00000268       0x70 .\CortexM0\ARM_GCC_541\Debug\MotorControl.a(dirB.o)
 .debug_frame   0x000002d8       0x70 .\CortexM0\ARM_GCC_541\Debug\MotorControl.a(pwmB.o)
 .debug_frame   0x00000348      0x3e0 .\CortexM0\ARM_GCC_541\Debug\MotorControl.a(CyLib.o)
 .debug_frame   0x00000728      0x3a8 .\CortexM0\ARM_GCC_541\Debug\MotorControl.a(CyLFClk.o)
 .debug_frame   0x00000ad0       0x70 .\CortexM0\ARM_GCC_541\Debug\MotorControl.a(BlueLED.o)
 .debug_frame   0x00000b40       0x20 c:/program files (x86)/cypress/psoc creator/4.3/psoc creator/import/gnu/arm/5.4.1/bin/../lib/gcc/arm-none-eabi/5.4.1/armv6-m\libgcc.a(_udivsi3.o)
 .debug_frame   0x00000b60       0x20 c:/program files (x86)/cypress/psoc creator/4.3/psoc creator/import/gnu/arm/5.4.1/bin/../lib/gcc/arm-none-eabi/5.4.1/../../../../arm-none-eabi/lib/armv6-m\libg_nano.a(lib_a-errno.o)
 .debug_frame   0x00000b80       0x28 c:/program files (x86)/cypress/psoc creator/4.3/psoc creator/import/gnu/arm/5.4.1/bin/../lib/gcc/arm-none-eabi/5.4.1/../../../../arm-none-eabi/lib/armv6-m\libg_nano.a(lib_a-exit.o)
 .debug_frame   0x00000ba8       0x2c c:/program files (x86)/cypress/psoc creator/4.3/psoc creator/import/gnu/arm/5.4.1/bin/../lib/gcc/arm-none-eabi/5.4.1/../../../../arm-none-eabi/lib/armv6-m\libg_nano.a(lib_a-init.o)
 .debug_frame   0x00000bd4       0x20 c:/program files (x86)/cypress/psoc creator/4.3/psoc creator/import/gnu/arm/5.4.1/bin/../lib/gcc/arm-none-eabi/5.4.1/../../../../arm-none-eabi/lib/armv6-m\libg_nano.a(lib_a-memset.o)

.debug_str      0x00000000     0x10cf
 *(.debug_str)
 .debug_str     0x00000000      0x1cd .\CortexM0\ARM_GCC_541\Debug\main.o
                                0x20d (size before relaxing)
 .debug_str     0x000001cd       0xbc .\CortexM0\ARM_GCC_541\Debug\cyfitter_cfg.o
                                0x246 (size before relaxing)
 .debug_str     0x00000289       0x63 .\CortexM0\ARM_GCC_541\Debug\cymetadata.o
                                0x1c4 (size before relaxing)
 .debug_str     0x000002ec      0x140 .\CortexM0\ARM_GCC_541\Debug\Cm0Start.o
                                0x2fd (size before relaxing)
 .debug_str     0x0000042c       0xaf .\CortexM0\ARM_GCC_541\Debug\MotorControl.a(dirA.o)
                                0x22b (size before relaxing)
 .debug_str     0x000004db       0x80 .\CortexM0\ARM_GCC_541\Debug\MotorControl.a(pwmA.o)
                                0x22b (size before relaxing)
 .debug_str     0x0000055b       0x80 .\CortexM0\ARM_GCC_541\Debug\MotorControl.a(dirB.o)
                                0x22b (size before relaxing)
 .debug_str     0x000005db       0x80 .\CortexM0\ARM_GCC_541\Debug\MotorControl.a(pwmB.o)
                                0x22b (size before relaxing)
 .debug_str     0x0000065b      0x4c2 .\CortexM0\ARM_GCC_541\Debug\MotorControl.a(CyLib.o)
                                0x6b2 (size before relaxing)
 .debug_str     0x00000b1d      0x52b .\CortexM0\ARM_GCC_541\Debug\MotorControl.a(CyLFClk.o)
                                0x739 (size before relaxing)
 .debug_str     0x00001048       0x87 .\CortexM0\ARM_GCC_541\Debug\MotorControl.a(BlueLED.o)
                                0x240 (size before relaxing)

.debug_loc      0x00000000     0x14f7
 *(.debug_loc)
 .debug_loc     0x00000000       0xa8 .\CortexM0\ARM_GCC_541\Debug\main.o
 .debug_loc     0x000000a8       0xa9 .\CortexM0\ARM_GCC_541\Debug\cyfitter_cfg.o
 .debug_loc     0x00000151      0x14f .\CortexM0\ARM_GCC_541\Debug\Cm0Start.o
 .debug_loc     0x000002a0       0x81 .\CortexM0\ARM_GCC_541\Debug\MotorControl.a(dirA.o)
 .debug_loc     0x00000321       0xa2 .\CortexM0\ARM_GCC_541\Debug\MotorControl.a(pwmA.o)
 .debug_loc     0x000003c3       0xa2 .\CortexM0\ARM_GCC_541\Debug\MotorControl.a(dirB.o)
 .debug_loc     0x00000465       0xa2 .\CortexM0\ARM_GCC_541\Debug\MotorControl.a(pwmB.o)
 .debug_loc     0x00000507      0x599 .\CortexM0\ARM_GCC_541\Debug\MotorControl.a(CyLib.o)
 .debug_loc     0x00000aa0      0x9b5 .\CortexM0\ARM_GCC_541\Debug\MotorControl.a(CyLFClk.o)
 .debug_loc     0x00001455       0xa2 .\CortexM0\ARM_GCC_541\Debug\MotorControl.a(BlueLED.o)

.debug_macinfo
 *(.debug_macinfo)

.debug_ranges   0x00000000      0x428
 *(.debug_ranges)
 .debug_ranges  0x00000000       0x20 .\CortexM0\ARM_GCC_541\Debug\main.o
 .debug_ranges  0x00000020       0x20 .\CortexM0\ARM_GCC_541\Debug\cyfitter_cfg.o
 .debug_ranges  0x00000040       0x38 .\CortexM0\ARM_GCC_541\Debug\Cm0Start.o
 .debug_ranges  0x00000078       0x38 .\CortexM0\ARM_GCC_541\Debug\MotorControl.a(dirA.o)
 .debug_ranges  0x000000b0       0x38 .\CortexM0\ARM_GCC_541\Debug\MotorControl.a(pwmA.o)
 .debug_ranges  0x000000e8       0x38 .\CortexM0\ARM_GCC_541\Debug\MotorControl.a(dirB.o)
 .debug_ranges  0x00000120       0x38 .\CortexM0\ARM_GCC_541\Debug\MotorControl.a(pwmB.o)
 .debug_ranges  0x00000158      0x170 .\CortexM0\ARM_GCC_541\Debug\MotorControl.a(CyLib.o)
 .debug_ranges  0x000002c8      0x128 .\CortexM0\ARM_GCC_541\Debug\MotorControl.a(CyLFClk.o)
 .debug_ranges  0x000003f0       0x38 .\CortexM0\ARM_GCC_541\Debug\MotorControl.a(BlueLED.o)

.comment        0x00000000       0x6e
 .comment       0x00000000       0x6e .\CortexM0\ARM_GCC_541\Debug\main.o
                                 0x6f (size before relaxing)
 .comment       0x0000006e       0x6f .\CortexM0\ARM_GCC_541\Debug\cyfitter_cfg.o
 .comment       0x0000006e       0x6f .\CortexM0\ARM_GCC_541\Debug\cymetadata.o
 .comment       0x0000006e       0x6f .\CortexM0\ARM_GCC_541\Debug\Cm0Start.o
 .comment       0x0000006e       0x6f .\CortexM0\ARM_GCC_541\Debug\MotorControl.a(dirA.o)
 .comment       0x0000006e       0x6f .\CortexM0\ARM_GCC_541\Debug\MotorControl.a(pwmA.o)
 .comment       0x0000006e       0x6f .\CortexM0\ARM_GCC_541\Debug\MotorControl.a(dirB.o)
 .comment       0x0000006e       0x6f .\CortexM0\ARM_GCC_541\Debug\MotorControl.a(pwmB.o)
 .comment       0x0000006e       0x6f .\CortexM0\ARM_GCC_541\Debug\MotorControl.a(CyLib.o)
 .comment       0x0000006e       0x6f .\CortexM0\ARM_GCC_541\Debug\MotorControl.a(CyLFClk.o)
 .comment       0x0000006e       0x6f .\CortexM0\ARM_GCC_541\Debug\MotorControl.a(BlueLED.o)

.debug_weaknames
 *(.debug_weaknames)

.debug_funcnames
 *(.debug_funcnames)

.debug_typenames
 *(.debug_typenames)

.debug_varnames
 *(.debug_varnames)

.note.gnu.arm.ident
 *(.note.gnu.arm.ident)

.ARM.attributes
                0x00000000       0x28
 *(.ARM.attributes)
 .ARM.attributes
                0x00000000       0x1e c:/program files (x86)/cypress/psoc creator/4.3/psoc creator/import/gnu/arm/5.4.1/bin/../lib/gcc/arm-none-eabi/5.4.1/armv6-m/crti.o
 .ARM.attributes
                0x0000001e       0x2c c:/program files (x86)/cypress/psoc creator/4.3/psoc creator/import/gnu/arm/5.4.1/bin/../lib/gcc/arm-none-eabi/5.4.1/armv6-m/crtbegin.o
 .ARM.attributes
                0x0000004a       0x1b c:/program files (x86)/cypress/psoc creator/4.3/psoc creator/import/gnu/arm/5.4.1/bin/../lib/gcc/arm-none-eabi/5.4.1/../../../../arm-none-eabi/lib/armv6-m/crt0.o
 .ARM.attributes
                0x00000065       0x31 .\CortexM0\ARM_GCC_541\Debug\main.o
 .ARM.attributes
                0x00000096       0x31 .\CortexM0\ARM_GCC_541\Debug\cyfitter_cfg.o
 .ARM.attributes
                0x000000c7       0x31 .\CortexM0\ARM_GCC_541\Debug\cymetadata.o
 .ARM.attributes
                0x000000f8       0x31 .\CortexM0\ARM_GCC_541\Debug\Cm0Start.o
 .ARM.attributes
                0x00000129       0x31 .\CortexM0\ARM_GCC_541\Debug\MotorControl.a(dirA.o)
 .ARM.attributes
                0x0000015a       0x31 .\CortexM0\ARM_GCC_541\Debug\MotorControl.a(pwmA.o)
 .ARM.attributes
                0x0000018b       0x31 .\CortexM0\ARM_GCC_541\Debug\MotorControl.a(dirB.o)
 .ARM.attributes
                0x000001bc       0x31 .\CortexM0\ARM_GCC_541\Debug\MotorControl.a(pwmB.o)
 .ARM.attributes
                0x000001ed       0x31 .\CortexM0\ARM_GCC_541\Debug\MotorControl.a(CyLib.o)
 .ARM.attributes
                0x0000021e       0x31 .\CortexM0\ARM_GCC_541\Debug\MotorControl.a(CyLFClk.o)
 .ARM.attributes
                0x0000024f       0x31 .\CortexM0\ARM_GCC_541\Debug\MotorControl.a(BlueLED.o)
 .ARM.attributes
                0x00000280       0x21 .\CortexM0\ARM_GCC_541\Debug\MotorControl.a(CyBootAsmGnu.o)
 .ARM.attributes
                0x000002a1       0x1e c:/program files (x86)/cypress/psoc creator/4.3/psoc creator/import/gnu/arm/5.4.1/bin/../lib/gcc/arm-none-eabi/5.4.1/armv6-m\libgcc.a(_udivsi3.o)
 .ARM.attributes
                0x000002bf       0x1e c:/program files (x86)/cypress/psoc creator/4.3/psoc creator/import/gnu/arm/5.4.1/bin/../lib/gcc/arm-none-eabi/5.4.1/armv6-m\libgcc.a(_dvmd_tls.o)
 .ARM.attributes
                0x000002dd       0x2c c:/program files (x86)/cypress/psoc creator/4.3/psoc creator/import/gnu/arm/5.4.1/bin/../lib/gcc/arm-none-eabi/5.4.1/../../../../arm-none-eabi/lib/armv6-m\libg_nano.a(lib_a-errno.o)
 .ARM.attributes
                0x00000309       0x2c c:/program files (x86)/cypress/psoc creator/4.3/psoc creator/import/gnu/arm/5.4.1/bin/../lib/gcc/arm-none-eabi/5.4.1/../../../../arm-none-eabi/lib/armv6-m\libg_nano.a(lib_a-exit.o)
 .ARM.attributes
                0x00000335       0x2c c:/program files (x86)/cypress/psoc creator/4.3/psoc creator/import/gnu/arm/5.4.1/bin/../lib/gcc/arm-none-eabi/5.4.1/../../../../arm-none-eabi/lib/armv6-m\libg_nano.a(lib_a-impure.o)
 .ARM.attributes
                0x00000361       0x2c c:/program files (x86)/cypress/psoc creator/4.3/psoc creator/import/gnu/arm/5.4.1/bin/../lib/gcc/arm-none-eabi/5.4.1/../../../../arm-none-eabi/lib/armv6-m\libg_nano.a(lib_a-init.o)
 .ARM.attributes
                0x0000038d       0x2c c:/program files (x86)/cypress/psoc creator/4.3/psoc creator/import/gnu/arm/5.4.1/bin/../lib/gcc/arm-none-eabi/5.4.1/../../../../arm-none-eabi/lib/armv6-m\libg_nano.a(lib_a-memset.o)
 .ARM.attributes
                0x000003b9       0x2c c:/program files (x86)/cypress/psoc creator/4.3/psoc creator/import/gnu/arm/5.4.1/bin/../lib/gcc/arm-none-eabi/5.4.1/armv6-m/crtend.o
 .ARM.attributes
                0x000003e5       0x1e c:/program files (x86)/cypress/psoc creator/4.3/psoc creator/import/gnu/arm/5.4.1/bin/../lib/gcc/arm-none-eabi/5.4.1/armv6-m/crtn.o

/DISCARD/
 *(.note.GNU-stack)
OUTPUT(C:\Users\sabri\Documents\PSoC Creator\Test\MotorControl.cydsn\CortexM0\ARM_GCC_541\Debug\MotorControl.elf elf32-littlearm)
